Component: ARM Compiler 5.06 update 5 (build 528) Tool: armlink [4d35e2]

==============================================================================

Section Cross References

    system_stm32f10x.o(i.SetSysClock) refers to system_stm32f10x.o(i.SetSysClockTo72) for SetSysClockTo72
    system_stm32f10x.o(i.SystemCoreClockUpdate) refers to system_stm32f10x.o(.data) for SystemCoreClock
    system_stm32f10x.o(i.SystemInit) refers to system_stm32f10x.o(i.SetSysClock) for SetSysClock
    startup_stm32f10x_hd.o(STACK) refers (Special) to heapauxi.o(.text) for __use_two_region_memory
    startup_stm32f10x_hd.o(HEAP) refers (Special) to heapauxi.o(.text) for __use_two_region_memory
    startup_stm32f10x_hd.o(RESET) refers (Special) to heapauxi.o(.text) for __use_two_region_memory
    startup_stm32f10x_hd.o(RESET) refers to startup_stm32f10x_hd.o(STACK) for __initial_sp
    startup_stm32f10x_hd.o(RESET) refers to startup_stm32f10x_hd.o(.text) for Reset_Handler
    startup_stm32f10x_hd.o(RESET) refers to stm32f10x_it.o(i.NMI_Handler) for NMI_Handler
    startup_stm32f10x_hd.o(RESET) refers to stm32f10x_it.o(i.HardFault_Handler) for HardFault_Handler
    startup_stm32f10x_hd.o(RESET) refers to stm32f10x_it.o(i.MemManage_Handler) for MemManage_Handler
    startup_stm32f10x_hd.o(RESET) refers to stm32f10x_it.o(i.BusFault_Handler) for BusFault_Handler
    startup_stm32f10x_hd.o(RESET) refers to stm32f10x_it.o(i.UsageFault_Handler) for UsageFault_Handler
    startup_stm32f10x_hd.o(RESET) refers to stm32f10x_it.o(i.SVC_Handler) for SVC_Handler
    startup_stm32f10x_hd.o(RESET) refers to stm32f10x_it.o(i.DebugMon_Handler) for DebugMon_Handler
    startup_stm32f10x_hd.o(RESET) refers to stm32f10x_it.o(i.PendSV_Handler) for PendSV_Handler
    startup_stm32f10x_hd.o(RESET) refers to stm32f10x_it.o(i.SysTick_Handler) for SysTick_Handler
    startup_stm32f10x_hd.o(RESET) refers to serial.o(i.USART2_IRQHandler) for USART2_IRQHandler
    startup_stm32f10x_hd.o(RESET) refers to gy25.o(i.UART4_IRQHandler) for UART4_IRQHandler
    startup_stm32f10x_hd.o(.text) refers (Special) to heapauxi.o(.text) for __use_two_region_memory
    startup_stm32f10x_hd.o(.text) refers to system_stm32f10x.o(i.SystemInit) for SystemInit
    startup_stm32f10x_hd.o(.text) refers to __main.o(!!!main) for __main
    startup_stm32f10x_hd.o(.text) refers to startup_stm32f10x_hd.o(HEAP) for Heap_Mem
    startup_stm32f10x_hd.o(.text) refers to startup_stm32f10x_hd.o(STACK) for Stack_Mem
    stm32f10x_adc.o(i.ADC_DeInit) refers to stm32f10x_rcc.o(i.RCC_APB2PeriphResetCmd) for RCC_APB2PeriphResetCmd
    stm32f10x_bkp.o(i.BKP_DeInit) refers to stm32f10x_rcc.o(i.RCC_BackupResetCmd) for RCC_BackupResetCmd
    stm32f10x_can.o(i.CAN_DeInit) refers to stm32f10x_rcc.o(i.RCC_APB1PeriphResetCmd) for RCC_APB1PeriphResetCmd
    stm32f10x_can.o(i.CAN_GetITStatus) refers to stm32f10x_can.o(i.CheckITStatus) for CheckITStatus
    stm32f10x_cec.o(i.CEC_DeInit) refers to stm32f10x_rcc.o(i.RCC_APB1PeriphResetCmd) for RCC_APB1PeriphResetCmd
    stm32f10x_dac.o(i.DAC_DeInit) refers to stm32f10x_rcc.o(i.RCC_APB1PeriphResetCmd) for RCC_APB1PeriphResetCmd
    stm32f10x_flash.o(i.FLASH_EnableWriteProtection) refers to stm32f10x_flash.o(i.FLASH_WaitForLastOperation) for FLASH_WaitForLastOperation
    stm32f10x_flash.o(i.FLASH_EraseAllBank1Pages) refers to stm32f10x_flash.o(i.FLASH_WaitForLastBank1Operation) for FLASH_WaitForLastBank1Operation
    stm32f10x_flash.o(i.FLASH_EraseAllPages) refers to stm32f10x_flash.o(i.FLASH_WaitForLastOperation) for FLASH_WaitForLastOperation
    stm32f10x_flash.o(i.FLASH_EraseOptionBytes) refers to stm32f10x_flash.o(i.FLASH_GetReadOutProtectionStatus) for FLASH_GetReadOutProtectionStatus
    stm32f10x_flash.o(i.FLASH_EraseOptionBytes) refers to stm32f10x_flash.o(i.FLASH_WaitForLastOperation) for FLASH_WaitForLastOperation
    stm32f10x_flash.o(i.FLASH_ErasePage) refers to stm32f10x_flash.o(i.FLASH_WaitForLastOperation) for FLASH_WaitForLastOperation
    stm32f10x_flash.o(i.FLASH_ProgramHalfWord) refers to stm32f10x_flash.o(i.FLASH_WaitForLastOperation) for FLASH_WaitForLastOperation
    stm32f10x_flash.o(i.FLASH_ProgramOptionByteData) refers to stm32f10x_flash.o(i.FLASH_WaitForLastOperation) for FLASH_WaitForLastOperation
    stm32f10x_flash.o(i.FLASH_ProgramWord) refers to stm32f10x_flash.o(i.FLASH_WaitForLastOperation) for FLASH_WaitForLastOperation
    stm32f10x_flash.o(i.FLASH_ReadOutProtection) refers to stm32f10x_flash.o(i.FLASH_WaitForLastOperation) for FLASH_WaitForLastOperation
    stm32f10x_flash.o(i.FLASH_UserOptionByteConfig) refers to stm32f10x_flash.o(i.FLASH_WaitForLastOperation) for FLASH_WaitForLastOperation
    stm32f10x_flash.o(i.FLASH_WaitForLastBank1Operation) refers to stm32f10x_flash.o(i.FLASH_GetBank1Status) for FLASH_GetBank1Status
    stm32f10x_flash.o(i.FLASH_WaitForLastOperation) refers to stm32f10x_flash.o(i.FLASH_GetBank1Status) for FLASH_GetBank1Status
[...]
    ../clib/printf.c                         0x00000000   Number         0  _printf_oct_ll.o ABSOLUTE
    ../clib/printf.c                         0x00000000   Number         0  _printf_hex_ptr.o ABSOLUTE
    ../clib/printf.c                         0x00000000   Number         0  _printf_hex_int_ll.o ABSOLUTE
    ../clib/printf.c                         0x00000000   Number         0  _printf_oct_int.o ABSOLUTE
    ../clib/printf.c                         0x00000000   Number         0  _printf_oct_int_ll.o ABSOLUTE
    ../clib/printf.c                         0x00000000   Number         0  _printf_hex_ll.o ABSOLUTE
    ../clib/printf.c                         0x00000000   Number         0  _printf_fp_infnan.o ABSOLUTE
    ../clib/printf.c                         0x00000000   Number         0  _printf_hex_int.o ABSOLUTE
    ../clib/printf.c                         0x00000000   Number         0  _printf_str.o ABSOLUTE
    ../clib/printf_percent.s                 0x00000000   Number         0  _printf_f.o ABSOLUTE
    ../clib/printf_percent.s                 0x00000000   Number         0  _printf_d.o ABSOLUTE
    ../clib/printf_percent.s                 0x00000000   Number         0  _printf_o.o ABSOLUTE
    ../clib/printf_percent.s                 0x00000000   Number         0  _printf_p.o ABSOLUTE
    ../clib/printf_percent.s                 0x00000000   Number         0  _printf_x.o ABSOLUTE
    ../clib/printf_percent.s                 0x00000000   Number         0  _printf_n.o ABSOLUTE
    ../clib/printf_percent.s                 0x00000000   Number         0  _printf_s.o ABSOLUTE
    ../clib/printf_percent.s                 0x00000000   Number         0  _printf_c.o ABSOLUTE
    ../clib/printf_percent.s                 0x00000000   Number         0  _printf_i.o ABSOLUTE
    ../clib/printf_percent.s                 0x00000000   Number         0  _printf_percent_end.o ABSOLUTE
    ../clib/printf_percent.s                 0x00000000   Number         0  _printf_u.o ABSOLUTE
    ../clib/printf_percent.s                 0x00000000   Number         0  _printf_llx.o ABSOLUTE
    ../clib/printf_percent.s                 0x00000000   Number         0  _printf_llo.o ABSOLUTE
    ../clib/printf_percent.s                 0x00000000   Number         0  _printf_ls.o ABSOLUTE
    ../clib/printf_percent.s                 0x00000000   Number         0  _printf_lc.o ABSOLUTE
    ../clib/printf_percent.s                 0x00000000   Number         0  _printf_l.o ABSOLUTE
    ../clib/printf_percent.s                 0x00000000   Number         0  _printf_ll.o ABSOLUTE
    ../clib/printf_percent.s                 0x00000000   Number         0  _printf_llu.o ABSOLUTE
    ../clib/printf_percent.s                 0x00000000   Number         0  _printf_lld.o ABSOLUTE
    ../clib/printf_percent.s                 0x00000000   Number         0  _printf_lli.o ABSOLUTE
    ../clib/printf_percent.s                 0x00000000   Number         0  _printf_percent.o ABSOLUTE
    ../clib/printf_percent.s                 0x00000000   Number         0  _printf_a.o ABSOLUTE
    ../clib/printf_percent.s                 0x00000000   Number         0  _printf_g.o ABSOLUTE
    ../clib/printf_percent.s                 0x00000000   Number         0  _printf_e.o ABSOLUTE
    ../clib/signal.c                         0x00000000   Number         0  defsig_other.o ABSOLUTE
    ../clib/signal.c                         0x00000000   Number         0  defsig_segv_inner.o ABSOLUTE
    ../clib/signal.c                         0x00000000   Number         0  defsig_rtmem_formal.o ABSOLUTE
    ../clib/signal.c                         0x00000000   Number         0  defsig_rtmem_outer.o ABSOLUTE
    ../clib/signal.c                         0x00000000   Number         0  defsig_cppl_inner.o ABSOLUTE
    ../clib/signal.c                         0x00000000   Number         0  defsig_pvfn_inner.o ABSOLUTE
    ../clib/signal.c                         0x00000000   Number         0  defsig_stak_inner.o ABSOLUTE
    ../clib/signal.c                         0x00000000   Number         0  defsig_rtred_inner.o ABSOLUTE
    ../clib/signal.c                         0x00000000   Number         0  defsig_fpe_inner.o ABSOLUTE
    ../clib/signal.c                         0x00000000   Number         0  defsig_abrt_inner.o ABSOLUTE
    ../clib/signal.c                         0x00000000   Number         0  __raise.o ABSOLUTE
    ../clib/signal.c                         0x00000000   Number         0  defsig_rtmem_inner.o ABSOLUTE
    ../clib/signal.c                         0x00000000   Number         0  defsig_exit.o ABSOLUTE
    ../clib/signal.c                         0x00000000   Number         0  defsig_general.o ABSOLUTE
    ../clib/signal.s                         0x00000000   Number         0  defsig.o ABSOLUTE
    ../clib/stdlib.c                         0x00000000   Number         0  exit.o ABSOLUTE
    ../fplib/faddsub.s                       0x00000000   Number         0  faddsub_clz.o ABSOLUTE
    ../fplib/fcmp4.s                         0x00000000   Number         0  fcmp4.o ABSOLUTE
    ../fplib/fcmpi.s                         0x00000000   Number         0  fcmpi.o ABSOLUTE
    ../fplib/fdiv.s                          0x00000000   Number         0  fdiv.o ABSOLUTE
    ../fplib/ffix.s                          0x00000000   Number         0  ffix.o ABSOLUTE
    ../fplib/fflt.s                          0x00000000   Number         0  fflt_clz.o ABSOLUTE
    ../fplib/fleqf.s                         0x00000000   Number         0  fleqf.o ABSOLUTE
    ../fplib/fmul.s                          0x00000000   Number         0  fmul.o ABSOLUTE
    ../fplib/fnaninf.s                       0x00000000   Number         0  fnaninf.o ABSOLUTE
    ../fplib/fpinit.s                        0x00000000   Number         0  fpinit.o ABSOLUTE
    ../fplib/fretinf.s                       0x00000000   Number         0  fretinf.o ABSOLUTE
    ../fplib/frleqf.s                        0x00000000   Number         0  frleqf.o ABSOLUTE
    ../fplib/istatus.s                       0x00000000   Number         0  istatus.o ABSOLUTE
    ../fplib/printf1.s                       0x00000000   Number         0  printf1.o ABSOLUTE
    ../fplib/printf2.s                       0x00000000   Number         0  printf2.o ABSOLUTE
    ../fplib/printf2a.s                      0x00000000   Number         0  printf2a.o ABSOLUTE
    ../fplib/printf2b.s                      0x00000000   Number         0  printf2b.o ABSOLUTE
    ../fplib/usenofp.s                       0x00000000   Number         0  usenofp.o ABSOLUTE
    ../mathlib/fmax.c                        0x00000000   Number         0  fminf.o ABSOLUTE
    ../mathlib/fmax.c                        0x00000000   Number         0  fmaxf.o ABSOLUTE
    ../mathlib/fpclassify.c                  0x00000000   Number         0  fpclassify.o ABSOLUTE
    Hardware\Buzzer.c                        0x00000000   Number         0  buzzer.o ABSOLUTE
    Hardware\ENCODER.c                       0x00000000   Number         0  encoder.o ABSOLUTE
    Hardware\GY25.c                          0x00000000   Number         0  gy25.o ABSOLUTE
    Hardware\Key.c                           0x00000000   Number         0  key.o ABSOLUTE
    Hardware\LED.c                           0x00000000   Number         0  led.o ABSOLUTE
    Hardware\Motor.c                         0x00000000   Number         0  motor.o ABSOLUTE
    Hardware\OLED.c                          0x00000000   Number         0  oled.o ABSOLUTE
    Hardware\Sensor.c                        0x00000000   Number         0  sensor.o ABSOLUTE
    Hardware\Serial.c                        0x00000000   Number         0  serial.o ABSOLUTE
    Library\misc.c                           0x00000000   Number         0  misc.o ABSOLUTE
    Library\stm32f10x_adc.c                  0x00000000   Number         0  stm32f10x_adc.o ABSOLUTE
    Library\stm32f10x_bkp.c                  0x00000000   Number         0  stm32f10x_bkp.o ABSOLUTE
    Library\stm32f10x_can.c                  0x00000000   Number         0  stm32f10x_can.o ABSOLUTE
    Library\stm32f10x_cec.c                  0x00000000   Number         0  stm32f10x_cec.o ABSOLUTE
    Library\stm32f10x_crc.c                  0x00000000   Number         0  stm32f10x_crc.o ABSOLUTE
    Library\stm32f10x_dac.c                  0x00000000   Number         0  stm32f10x_dac.o ABSOLUTE
    Library\stm32f10x_dbgmcu.c               0x00000000   Number         0  stm32f10x_dbgmcu.o ABSOLUTE
    Library\stm32f10x_dma.c                  0x00000000   Number         0  stm32f10x_dma.o ABSOLUTE
    Library\stm32f10x_exti.c                 0x00000000   Number         0  stm32f10x_exti.o ABSOLUTE
    Library\stm32f10x_flash.c                0x00000000   Number         0  stm32f10x_flash.o ABSOLUTE
    Library\stm32f10x_fsmc.c                 0x00000000   Number         0  stm32f10x_fsmc.o ABSOLUTE
    Library\stm32f10x_gpio.c                 0x00000000   Number         0  stm32f10x_gpio.o ABSOLUTE
    Library\stm32f10x_i2c.c                  0x00000000   Number         0  stm32f10x_i2c.o ABSOLUTE
    Library\stm32f10x_iwdg.c                 0x00000000   Number         0  stm32f10x_iwdg.o ABSOLUTE
    Library\stm32f10x_pwr.c                  0x00000000   Number         0  stm32f10x_pwr.o ABSOLUTE
    Library\stm32f10x_rcc.c                  0x00000000   Number         0  stm32f10x_rcc.o ABSOLUTE
    Library\stm32f10x_rtc.c                  0x00000000   Number         0  stm32f10x_rtc.o ABSOLUTE
    Library\stm32f10x_sdio.c                 0x00000000   Number         0  stm32f10x_sdio.o ABSOLUTE
    Library\stm32f10x_spi.c                  0x00000000   Number         0  stm32f10x_spi.o ABSOLUTE
    Library\stm32f10x_tim.c                  0x00000000   Number         0  stm32f10x_tim.o ABSOLUTE
    Library\stm32f10x_usart.c                0x00000000   Number         0  stm32f10x_usart.o ABSOLUTE
    Library\stm32f10x_wwdg.c                 0x00000000   Number         0  stm32f10x_wwdg.o ABSOLUTE
    Start\\core_cm3.c                        0x00000000   Number         0  core_cm3.o ABSOLUTE
    Start\core_cm3.c                         0x00000000   Number         0  core_cm3.o ABSOLUTE
    Start\startup_stm32f10x_hd.s             0x00000000   Number         0  startup_stm32f10x_hd.o ABSOLUTE
    Start\system_stm32f10x.c                 0x00000000   Number         0  system_stm32f10x.o ABSOLUTE
    System\Control.c                         0x00000000   Number         0  control.o ABSOLUTE
    System\Delay.c                           0x00000000   Number         0  delay.o ABSOLUTE
    User\main.c                              0x00000000   Number         0  main.o ABSOLUTE
    User\stm32f10x_it.c                      0x00000000   Number         0  stm32f10x_it.o ABSOLUTE
    dc.s                                     0x00000000   Number         0  dc.o ABSOLUTE
    RESET                                    0x08000000   Section      304  startup_stm32f10x_hd.o(RESET)
    !!!main                                  0x08000130   Section        8  __main.o(!!!main)
    !!!scatter                               0x08000138   Section       52  __scatter.o(!!!scatter)
    !!handler_copy                           0x0800016c   Section       26  __scatter_copy.o(!!handler_copy)
    !!handler_zi                             0x08000188   Section       28  __scatter_zi.o(!!handler_zi)
    .ARM.Collect$$libinit$$00000000          0x080001a4   Section        2  libinit.o(.ARM.Collect$$libinit$$00000000)
    .ARM.Collect$$libinit$$00000002          0x080001a6   Section        0  libinit2.o(.ARM.Collect$$libinit$$00000002)
    .ARM.Collect$$libinit$$00000004          0x080001a6   Section        0  libinit2.o(.ARM.Collect$$libinit$$00000004)
    .ARM.Collect$$libinit$$0000000A          0x080001a6   Section        0  libinit2.o(.ARM.Collect$$libinit$$0000000A)
    .ARM.Collect$$libinit$$0000000C          0x080001a6   Section        0  libinit2.o(.ARM.Collect$$libinit$$0000000C)
    .ARM.Collect$$libinit$$0000000E          0x080001a6   Section        0  libinit2.o(.ARM.Collect$$libinit$$0000000E)
    .ARM.Collect$$libinit$$00000011          0x080001a6   Section        0  libinit2.o(.ARM.Collect$$libinit$$00000011)
    .ARM.Collect$$libinit$$00000013          0x080001a6   Section        0  libinit2.o(.ARM.Collect$$libinit$$00000013)
    .ARM.Collect$$libinit$$00000015          0x080001a6   Section        0  libinit2.o(.ARM.Collect$$libinit$$00000015)
    .ARM.Collect$$libinit$$00000017          0x080001a6   Section        0  libinit2.o(.ARM.Collect$$libinit$$00000017)
    .ARM.Collect$$libinit$$00000019          0x080001a6   Section        0  libinit2.o(.ARM.Collect$$libinit$$00000019)
    .ARM.Collect$$libinit$$0000001B          0x080001a6   Section        0  libinit2.o(.ARM.Collect$$libinit$$0000001B)
    .ARM.Collect$$libinit$$0000001D          0x080001a6   Section        0  libinit2.o(.ARM.Collect$$libinit$$0000001D)
    .ARM.Collect$$libinit$$0000001F          0x080001a6   Section        0  libinit2.o(.ARM.Collect$$libinit$$0000001F)
    .ARM.Collect$$libinit$$00000021          0x080001a6   Section        0  libinit2.o(.ARM.Collect$$libinit$$00000021)
    .ARM.Collect$$libinit$$00000023          0x080001a6   Section        0  libinit2.o(.ARM.Collect$$libinit$$00000023)
    .ARM.Collect$$libinit$$00000025          0x080001a6   Section        0  libinit2.o(.ARM.Collect$$libinit$$00000025)
    .ARM.Collect$$libinit$$0000002C          0x080001a6   Section        0  libinit2.o(.ARM.Collect$$libinit$$0000002C)
    .ARM.Collect$$libinit$$0000002E          0x080001a6   Section        0  libinit2.o(.ARM.Collect$$libinit$$0000002E)
    .ARM.Collect$$libinit$$00000030          0x080001a6   Section        0  libinit2.o(.ARM.Collect$$libinit$$00000030)
    .ARM.Collect$$libinit$$00000032          0x080001a6   Section        0  libinit2.o(.ARM.Collect$$libinit$$00000032)
    .ARM.Collect$$libinit$$00000033          0x080001a6   Section        2  libinit2.o(.ARM.Collect$$libinit$$00000033)
    .ARM.Collect$$libshutdown$$00000000      0x080001a8   Section        2  libshutdown.o(.ARM.Collect$$libshutdown$$00000000)
    .ARM.Collect$$libshutdown$$00000002      0x080001aa   Section        0  libshutdown2.o(.ARM.Collect$$libshutdown$$00000002)
    .ARM.Collect$$libshutdown$$00000004      0x080001aa   Section        0  libshutdown2.o(.ARM.Collect$$libshutdown$$00000004)
    .ARM.Collect$$libshutdown$$00000007      0x080001aa   Section        0  libshutdown2.o(.ARM.Collect$$libshutdown$$00000007)
    .ARM.Collect$$libshutdown$$0000000A      0x080001aa   Section        0  libshutdown2.o(.ARM.Collect$$libshutdown$$0000000A)
    .ARM.Collect$$libshutdown$$0000000C      0x080001aa   Section        0  libshutdown2.o(.ARM.Collect$$libshutdown$$0000000C)
    .ARM.Collect$$libshutdown$$0000000F      0x080001aa   Section        0  libshutdown2.o(.ARM.Collect$$libshutdown$$0000000F)
    .ARM.Collect$$libshutdown$$00000010      0x080001aa   Section        2  libshutdown2.o(.ARM.Collect$$libshutdown$$00000010)
    .ARM.Collect$$rtentry$$00000000          0x080001ac   Section        0  __rtentry.o(.ARM.Collect$$rtentry$$00000000)
    .ARM.Collect$$rtentry$$00000002          0x080001ac   Section        0  __rtentry2.o(.ARM.Collect$$rtentry$$00000002)
    .ARM.Collect$$rtentry$$00000004          0x080001ac   Section        6  __rtentry4.o(.ARM.Collect$$rtentry$$00000004)
    .ARM.Collect$$rtentry$$00000009          0x080001b2   Section        0  __rtentry2.o(.ARM.Collect$$rtentry$$00000009)
    .ARM.Collect$$rtentry$$0000000A          0x080001b2   Section        4  __rtentry2.o(.ARM.Collect$$rtentry$$0000000A)
    .ARM.Collect$$rtentry$$0000000C          0x080001b6   Section        0  __rtentry2.o(.ARM.Collect$$rtentry$$0000000C)
    .ARM.Collect$$rtentry$$0000000D          0x080001b6   Section        8  __rtentry2.o(.ARM.Collect$$rtentry$$0000000D)
    .ARM.Collect$$rtexit$$00000000           0x080001be   Section        2  rtexit.o(.ARM.Collect$$rtexit$$00000000)
    .ARM.Collect$$rtexit$$00000002           0x080001c0   Section        0  rtexit2.o(.ARM.Collect$$rtexit$$00000002)
    .ARM.Collect$$rtexit$$00000003           0x080001c0   Section        4  rtexit2.o(.ARM.Collect$$rtexit$$00000003)
    .ARM.Collect$$rtexit$$00000004           0x080001c4   Section        6  rtexit2.o(.ARM.Collect$$rtexit$$00000004)
    .text                                    0x080001cc   Section       64  startup_stm32f10x_hd.o(.text)
    .text                                    0x0800020c   Section        0  heapauxi.o(.text)
    .text                                    0x08000212   Section       74  sys_stackheap_outer.o(.text)
    .text                                    0x0800025c   Section        0  exit.o(.text)
    .text                                    0x08000270   Section        8  libspace.o(.text)
    .text                                    0x08000278   Section        0  sys_exit.o(.text)
    .text                                    0x08000284   Section        2  use_no_semi.o(.text)
    .text                                    0x08000286   Section        0  indicate_semi.o(.text)
    i.BusFault_Handler                       0x08000286   Section        0  stm32f10x_it.o(i.BusFault_Handler)
    i.Buzzer_Init                            0x0800028c   Section        0  buzzer.o(i.Buzzer_Init)
    i.Clear_All_Encoder_Count                0x080002c0   Section        0  encoder.o(i.Clear_All_Encoder_Count)
    i.DebugMon_Handler                       0x080002f4   Section        0  stm32f10x_it.o(i.DebugMon_Handler)
    i.Delay_ms                               0x080002f6   Section        0  delay.o(i.Delay_ms)
    i.Delay_us                               0x0800030e   Section        0  delay.o(i.Delay_us)
    i.Encoder_Init                           0x0800033c   Section        0  encoder.o(i.Encoder_Init)
    i.GPIO_Init                              0x080004c0   Section        0  stm32f10x_gpio.o(i.GPIO_Init)
    i.GPIO_PinRemapConfig                    0x080005d8   Section        0  stm32f10x_gpio.o(i.GPIO_PinRemapConfig)
    i.GPIO_ReadInputDataBit                  0x08000668   Section        0  stm32f10x_gpio.o(i.GPIO_ReadInputDataBit)
    i.GPIO_ResetBits                         0x0800067a   Section        0  stm32f10x_gpio.o(i.GPIO_ResetBits)
    i.GPIO_SetBits                           0x0800067e   Section        0  stm32f10x_gpio.o(i.GPIO_SetBits)
    i.GPIO_WriteBit                          0x08000682   Section        0  stm32f10x_gpio.o(i.GPIO_WriteBit)
    i.GY25_DisplayOnOLED                     0x0800068c   Section        0  gy25.o(i.GY25_DisplayOnOLED)
    i.GY25_Init                              0x080007e0   Section        0  gy25.o(i.GY25_Init)
    i.GY25_IsDataValid                       0x08000890   Section        0  gy25.o(i.GY25_IsDataValid)
    i.GY25_ProcessData                       0x0800089c   Section        0  gy25.o(i.GY25_ProcessData)
    i.GY25_SendQuery                         0x080008b4   Section        0  gy25.o(i.GY25_SendQuery)
    i.HardFault_Handler                      0x080008cc   Section        0  stm32f10x_it.o(i.HardFault_Handler)
    i.Key_Init                               0x080008d0   Section        0  key.o(i.Key_Init)
    i.LED_Init                               0x08000918   Section        0  led.o(i.LED_Init)
    i.MemManage_Handler                      0x08000950   Section        0  stm32f10x_it.o(i.MemManage_Handler)
    i.MotorA_SetSpeed                        0x08000954   Section        0  motor.o(i.MotorA_SetSpeed)
    i.MotorB_SetSpeed                        0x080009c8   Section        0  motor.o(i.MotorB_SetSpeed)
    i.MotorC_SetSpeed                        0x08000a3c   Section        0  motor.o(i.MotorC_SetSpeed)
    i.MotorD_SetSpeed                        0x08000ab0   Section        0  motor.o(i.MotorD_SetSpeed)
    i.Motor_Init                             0x08000b20   Section        0  motor.o(i.Motor_Init)
    i.Motor_SetSpeed                         0x08000c1c   Section        0  motor.o(i.Motor_SetSpeed)
    i.Motor_Stop                             0x08000c44   Section        0  motor.o(i.Motor_Stop)
    i.Move_Backward_Along_Edge_Precise       0x08000c7c   Section        0  main.o(i.Move_Backward_Along_Edge_Precise)
    i.Move_Distance_With_Speed               0x08000cf0   Section        0  control.o(i.Move_Distance_With_Speed)
    i.NMI_Handler                            0x08001240   Section        0  stm32f10x_it.o(i.NMI_Handler)
    i.NVIC_Init                              0x08001244   Section        0  misc.o(i.NVIC_Init)
    i.NVIC_PriorityGroupConfig               0x080012b4   Section        0  misc.o(i.NVIC_PriorityGroupConfig)
    i.OLED_Clear                             0x080012c8   Section        0  oled.o(i.OLED_Clear)
    i.OLED_I2C_Init                          0x080012f4   Section        0  oled.o(i.OLED_I2C_Init)
    i.OLED_I2C_SendByte                      0x08001340   Section        0  oled.o(i.OLED_I2C_SendByte)
    i.OLED_I2C_Start                         0x08001398   Section        0  oled.o(i.OLED_I2C_Start)
    i.OLED_I2C_Stop                          0x080013c8   Section        0  oled.o(i.OLED_I2C_Stop)
    i.OLED_Init                              0x080013f0   Section        0  oled.o(i.OLED_Init)
    i.OLED_Pow                               0x0800149e   Section        0  oled.o(i.OLED_Pow)
    i.OLED_SetCursor                         0x080014b2   Section        0  oled.o(i.OLED_SetCursor)
    i.OLED_ShowChar                          0x080014d4   Section        0  oled.o(i.OLED_ShowChar)
    i.OLED_ShowNum                           0x08001548   Section        0  oled.o(i.OLED_ShowNum)
    i.OLED_WriteCommand                      0x0800158c   Section        0  oled.o(i.OLED_WriteCommand)
    i.OLED_WriteData                         0x080015ac   Section        0  oled.o(i.OLED_WriteData)
    i.PID_Calculate                          0x080015cc   Section        0  control.o(i.PID_Calculate)
    i.PID_Calculate_Speed                    0x080016b4   Section        0  control.o(i.PID_Calculate_Speed)
    i.PID_Init                               0x08001764   Section        0  control.o(i.PID_Init)
    i.PendSV_Handler                         0x08001784   Section        0  stm32f10x_it.o(i.PendSV_Handler)
    i.RCC_APB1PeriphClockCmd                 0x08001788   Section        0  stm32f10x_rcc.o(i.RCC_APB1PeriphClockCmd)
    i.RCC_APB1PeriphResetCmd                 0x080017a8   Section        0  stm32f10x_rcc.o(i.RCC_APB1PeriphResetCmd)
    i.RCC_APB2PeriphClockCmd                 0x080017c8   Section        0  stm32f10x_rcc.o(i.RCC_APB2PeriphClockCmd)
    i.RCC_APB2PeriphResetCmd                 0x080017e8   Section        0  stm32f10x_rcc.o(i.RCC_APB2PeriphResetCmd)
    i.RCC_GetClocksFreq                      0x08001808   Section        0  stm32f10x_rcc.o(i.RCC_GetClocksFreq)
    i.Read_Front_Left_Encoder                0x080018dc   Section        0  encoder.o(i.Read_Front_Left_Encoder)
    i.Read_Front_Right_Encoder               0x080018ec   Section        0  encoder.o(i.Read_Front_Right_Encoder)
    i.Read_Rear_Left_Encoder                 0x080018fc   Section        0  encoder.o(i.Read_Rear_Left_Encoder)
    i.Read_Rear_Right_Encoder                0x0800190c   Section        0  encoder.o(i.Read_Rear_Right_Encoder)
    i.SVC_Handler                            0x0800191c   Section        0  stm32f10x_it.o(i.SVC_Handler)
    i.Sensor_Init                            0x08001920   Section        0  sensor.o(i.Sensor_Init)
    i.Sensor_Left_Get                        0x0800194c   Section        0  sensor.o(i.Sensor_Left_Get)
    i.Sensor_Middle_Get                      0x0800195c   Section        0  sensor.o(i.Sensor_Middle_Get)
    i.Sensor_Right_Get                       0x0800196c   Section        0  sensor.o(i.Sensor_Right_Get)
    i.Serial_Init                            0x0800197c   Section        0  serial.o(i.Serial_Init)
    i.SetSysClock                            0x08001a30   Section        0  system_stm32f10x.o(i.SetSysClock)
    SetSysClock                              0x08001a31   Thumb Code     8  system_stm32f10x.o(i.SetSysClock)
    i.SetSysClockTo72                        0x08001a38   Section        0  system_stm32f10x.o(i.SetSysClockTo72)
    SetSysClockTo72                          0x08001a39   Thumb Code   214  system_stm32f10x.o(i.SetSysClockTo72)
    i.SysTick_Handler                        0x08001b18   Section        0  stm32f10x_it.o(i.SysTick_Handler)
    i.SystemInit                             0x08001b1c   Section        0  system_stm32f10x.o(i.SystemInit)
    i.TI1_Config                             0x08001b7c   Section        0  stm32f10x_tim.o(i.TI1_Config)
    TI1_Config                               0x08001b7d   Thumb Code   108  stm32f10x_tim.o(i.TI1_Config)
    i.TI2_Config                             0x08001bfc   Section        0  stm32f10x_tim.o(i.TI2_Config)
    TI2_Config                               0x08001bfd   Thumb Code   130  stm32f10x_tim.o(i.TI2_Config)
    i.TI3_Config                             0x08001c94   Section        0  stm32f10x_tim.o(i.TI3_Config)
    TI3_Config                               0x08001c95   Thumb Code   122  stm32f10x_tim.o(i.TI3_Config)
    i.TI4_Config                             0x08001d24   Section        0  stm32f10x_tim.o(i.TI4_Config)
    TI4_Config                               0x08001d25   Thumb Code   130  stm32f10x_tim.o(i.TI4_Config)
    i.TIM_ARRPreloadConfig                   0x08001dbc   Section        0  stm32f10x_tim.o(i.TIM_ARRPreloadConfig)
    i.TIM_Cmd                                0x08001dd4   Section        0  stm32f10x_tim.o(i.TIM_Cmd)
    i.TIM_EncoderInterfaceConfig             0x08001dec   Section        0  stm32f10x_tim.o(i.TIM_EncoderInterfaceConfig)
    i.TIM_GetCounter                         0x08001e2e   Section        0  stm32f10x_tim.o(i.TIM_GetCounter)
    i.TIM_ICInit                             0x08001e34   Section        0  stm32f10x_tim.o(i.TIM_ICInit)
    i.TIM_ICStructInit                       0x08001ee0   Section        0  stm32f10x_tim.o(i.TIM_ICStructInit)
    i.TIM_OC1Init                            0x08001ef4   Section        0  stm32f10x_tim.o(i.TIM_OC1Init)
    i.TIM_OC1PreloadConfig                   0x08001f8c   Section        0  stm32f10x_tim.o(i.TIM_OC1PreloadConfig)
    i.TIM_OC2Init                            0x08001fa0   Section        0  stm32f10x_tim.o(i.TIM_OC2Init)
    i.TIM_OC2PreloadConfig                   0x08002044   Section        0  stm32f10x_tim.o(i.TIM_OC2PreloadConfig)
    i.TIM_OC3Init                            0x08002060   Section        0  stm32f10x_tim.o(i.TIM_OC3Init)
    i.TIM_OC3PreloadConfig                   0x08002100   Section        0  stm32f10x_tim.o(i.TIM_OC3PreloadConfig)
    i.TIM_OC4Init                            0x08002114   Section        0  stm32f10x_tim.o(i.TIM_OC4Init)
    i.TIM_OC4PreloadConfig                   0x08002190   Section        0  stm32f10x_tim.o(i.TIM_OC4PreloadConfig)
    i.TIM_SetCompare1                        0x080021aa   Section        0  stm32f10x_tim.o(i.TIM_SetCompare1)
    i.TIM_SetCompare2                        0x080021ae   Section        0  stm32f10x_tim.o(i.TIM_SetCompare2)
    i.TIM_SetCompare3                        0x080021b2   Section        0  stm32f10x_tim.o(i.TIM_SetCompare3)
    i.TIM_SetCompare4                        0x080021b6   Section        0  stm32f10x_tim.o(i.TIM_SetCompare4)
    i.TIM_SetCounter                         0x080021bc   Section        0  stm32f10x_tim.o(i.TIM_SetCounter)
    i.TIM_SetIC1Prescaler                    0x080021c0   Section        0  stm32f10x_tim.o(i.TIM_SetIC1Prescaler)
    i.TIM_SetIC2Prescaler                    0x080021d2   Section        0  stm32f10x_tim.o(i.TIM_SetIC2Prescaler)
    i.TIM_SetIC3Prescaler                    0x080021ec   Section        0  stm32f10x_tim.o(i.TIM_SetIC3Prescaler)
    i.TIM_SetIC4Prescaler                    0x080021fe   Section        0  stm32f10x_tim.o(i.TIM_SetIC4Prescaler)
    i.TIM_TimeBaseInit                       0x08002218   Section        0  stm32f10x_tim.o(i.TIM_TimeBaseInit)
    i.TIM_TimeBaseStructInit                 0x080022bc   Section        0  stm32f10x_tim.o(i.TIM_TimeBaseStructInit)
    i.UART4_IRQHandler                       0x080022d0   Section        0  gy25.o(i.UART4_IRQHandler)
    i.USART2_IRQHandler                      0x08002380   Section        0  serial.o(i.USART2_IRQHandler)
    i.USART_ClearITPendingBit                0x080023f0   Section        0  stm32f10x_usart.o(i.USART_ClearITPendingBit)
    i.USART_Cmd                              0x0800240e   Section        0  stm32f10x_usart.o(i.USART_Cmd)
    i.USART_DeInit                           0x08002428   Section        0  stm32f10x_usart.o(i.USART_DeInit)
    i.USART_GetITStatus                      0x080024c4   Section        0  stm32f10x_usart.o(i.USART_GetITStatus)
    i.USART_ITConfig                         0x08002518   Section        0  stm32f10x_usart.o(i.USART_ITConfig)
    i.USART_Init                             0x08002564   Section        0  stm32f10x_usart.o(i.USART_Init)
    i.USART_ReceiveData                      0x0800263c   Section        0  stm32f10x_usart.o(i.USART_ReceiveData)
    i.USART_SendData                         0x08002646   Section        0  stm32f10x_usart.o(i.USART_SendData)
    i.UsageFault_Handler                     0x0800264e   Section        0  stm32f10x_it.o(i.UsageFault_Handler)
    i.calculate_wheel_speed                  0x08002652   Section        0  control.o(i.calculate_wheel_speed)
    i.fmaxf                                  0x08002664   Section        0  fmaxf.o(i.fmaxf)
    i.fminf                                  0x0800268c   Section        0  fminf.o(i.fminf)
    i.main                                   0x080026b4   Section        0  main.o(i.main)
    i.step12                                 0x080026fc   Section        0  main.o(i.step12)
    i.step3                                  0x0800276c   Section        0  main.o(i.step3)
    x$fpl$fadd                               0x080027bc   Section      196  faddsub_clz.o(x$fpl$fadd)
    _fadd1                                   0x080027cb   Thumb Code     0  faddsub_clz.o(x$fpl$fadd)
    x$fpl$fcmp4                              0x08002880   Section      142  fcmp4.o(x$fpl$fcmp4)
    x$fpl$fcmpinf                            0x0800290e   Section       24  fcmpi.o(x$fpl$fcmpinf)
    x$fpl$fdiv                               0x08002928   Section      388  fdiv.o(x$fpl$fdiv)
    _fdiv1                                   0x08002929   Thumb Code     0  fdiv.o(x$fpl$fdiv)
    x$fpl$ffix                               0x08002aac   Section       54  ffix.o(x$fpl$ffix)
    x$fpl$fflt                               0x08002ae4   Section       48  fflt_clz.o(x$fpl$fflt)
    x$fpl$fleqf                              0x08002b14   Section      104  fleqf.o(x$fpl$fleqf)
    x$fpl$fmul                               0x08002b7c   Section      258  fmul.o(x$fpl$fmul)
    x$fpl$fnaninf                            0x08002c7e   Section      140  fnaninf.o(x$fpl$fnaninf)
    x$fpl$fretinf                            0x08002d0a   Section       10  fretinf.o(x$fpl$fretinf)
    x$fpl$frleqf                             0x08002d14   Section       98  frleqf.o(x$fpl$frleqf)
    x$fpl$fsub                               0x08002d78   Section      234  faddsub_clz.o(x$fpl$fsub)
    _fsub1                                   0x08002d87   Thumb Code     0  faddsub_clz.o(x$fpl$fsub)
    .constdata                               0x08002e62   Section     1520  oled.o(.constdata)
    x$fpl$usenofp                            0x08002e62   Section        0  usenofp.o(x$fpl$usenofp)
    .data                                    0x20000000   Section       20  stm32f10x_rcc.o(.data)
    APBAHBPrescTable                         0x20000000   Data          16  stm32f10x_rcc.o(.data)
    ADCPrescTable                            0x20000010   Data           4  stm32f10x_rcc.o(.data)
    .data                                    0x20000014   Section       16  control.o(.data)
    .data                                    0x20000024   Section        2  serial.o(.data)
    pRxPacket                                0x20000025   Data           1  serial.o(.data)
    .data                                    0x20000028   Section       25  gy25.o(.data)
    GY25_RxBuffer                            0x20000030   Data           8  gy25.o(.data)
    GY25_RxIndex                             0x20000038   Data           1  gy25.o(.data)
    GY25_LastUpdateTime                      0x2000003c   Data           4  gy25.o(.data)
    GY25_DataValid                           0x20000040   Data           1  gy25.o(.data)
    .bss                                     0x20000044   Section      220  control.o(.bss)
    .bss                                     0x20000120   Section      100  serial.o(.bss)
    .bss                                     0x20000184   Section       96  libspace.o(.bss)
    HEAP                                     0x200001e8   Section      512  startup_stm32f10x_hd.o(HEAP)
    Heap_Mem                                 0x200001e8   Data         512  startup_stm32f10x_hd.o(HEAP)
    STACK                                    0x200003e8   Section     1024  startup_stm32f10x_hd.o(STACK)
    Stack_Mem                                0x200003e8   Data        1024  startup_stm32f10x_hd.o(STACK)
    __initial_sp                             0x200007e8   Data           0  startup_stm32f10x_hd.o(STACK)

    Global Symbols

    Symbol Name                              Value     Ov Type        Size  Object(Section)

    BuildAttributes$$THM_ISAv4$P$D$K$B$S$PE$A:L22UL41UL21$X:L11$S22US41US21$IEEE1$IW$USESV6$~STKCKD$USESV7$~SHL$OTIME$ROPI$IEEEJ$EBA8$UX$STANDARDLIB$REQ8$PRES8$EABIv2 0x00000000   Number         0  anon$$obj.o ABSOLUTE
    __ARM_use_no_argv                        0x00000000   Number         0  main.o ABSOLUTE
    _printf_flags                            0x00000000   Number         0  printf_stubs.o ABSOLUTE
    _printf_return_value                     0x00000000   Number         0  printf_stubs.o ABSOLUTE
    _printf_sizespec                         0x00000000   Number         0  printf_stubs.o ABSOLUTE
    _printf_widthprec                        0x00000000   Number         0  printf_stubs.o ABSOLUTE
    __ARM_exceptions_init                     - Undefined Weak Reference
    __alloca_initialize                       - Undefined Weak Reference
    __arm_preinit_                            - Undefined Weak Reference
    __cpp_initialize__aeabi_                  - Undefined Weak Reference
    __cxa_finalize                            - Undefined Weak Reference
    __sigvec_lookup                           - Undefined Weak Reference
    _atexit_init                              - Undefined Weak Reference
    _call_atexit_fns                          - Undefined Weak Reference
    _clock_init                               - Undefined Weak Reference
    _fp_trap_init                             - Undefined Weak Reference
    _fp_trap_shutdown                         - Undefined Weak Reference
    _get_lc_collate                           - Undefined Weak Reference
    _get_lc_monetary                          - Undefined Weak Reference
    _get_lc_time                              - Undefined Weak Reference
    _getenv_init                              - Undefined Weak Reference
    _handle_redirection                       - Undefined Weak Reference
    _init_alloc                               - Undefined Weak Reference
    _init_user_alloc                          - Undefined Weak Reference
    _initio                                   - Undefined Weak Reference
    _printf_mbtowc                            - Undefined Weak Reference
    _printf_wc                                - Undefined Weak Reference
    _rand_init                                - Undefined Weak Reference
    _signal_finish                            - Undefined Weak Reference
    _signal_init                              - Undefined Weak Reference
    _terminate_alloc                          - Undefined Weak Reference
    _terminate_user_alloc                     - Undefined Weak Reference
    _terminateio                              - Undefined Weak Reference
    __Vectors_Size                           0x00000130   Number         0  startup_stm32f10x_hd.o ABSOLUTE
    __Vectors                                0x08000000   Data           4  startup_stm32f10x_hd.o(RESET)
    __Vectors_End                            0x08000130   Data           0  startup_stm32f10x_hd.o(RESET)
    __main                                   0x08000131   Thumb Code     8  __main.o(!!!main)
    __scatterload                            0x08000139   Thumb Code     0  __scatter.o(!!!scatter)
    __scatterload_rt2                        0x08000139   Thumb Code    44  __scatter.o(!!!scatter)
    __scatterload_rt2_thumb_only             0x08000139   Thumb Code     0  __scatter.o(!!!scatter)
    __scatterload_null                       0x08000147   Thumb Code     0  __scatter.o(!!!scatter)
    __scatterload_copy                       0x0800016d   Thumb Code    26  __scatter_copy.o(!!handler_copy)
    __scatterload_zeroinit                   0x08000189   Thumb Code    28  __scatter_zi.o(!!handler_zi)
    __rt_lib_init                            0x080001a5   Thumb Code     0  libinit.o(.ARM.Collect$$libinit$$00000000)
    __rt_lib_init_alloca_1                   0x080001a7   Thumb Code     0  libinit2.o(.ARM.Collect$$libinit$$0000002E)
    __rt_lib_init_argv_1                     0x080001a7   Thumb Code     0  libinit2.o(.ARM.Collect$$libinit$$0000002C)
    __rt_lib_init_atexit_1                   0x080001a7   Thumb Code     0  libinit2.o(.ARM.Collect$$libinit$$0000001B)
    __rt_lib_init_clock_1                    0x080001a7   Thumb Code     0  libinit2.o(.ARM.Collect$$libinit$$00000021)
    __rt_lib_init_cpp_1                      0x080001a7   Thumb Code     0  libinit2.o(.ARM.Collect$$libinit$$00000032)
    __rt_lib_init_exceptions_1               0x080001a7   Thumb Code     0  libinit2.o(.ARM.Collect$$libinit$$00000030)
    __rt_lib_init_fp_1                       0x080001a7   Thumb Code     0  libinit2.o(.ARM.Collect$$libinit$$00000002)
    __rt_lib_init_fp_trap_1                  0x080001a7   Thumb Code     0  libinit2.o(.ARM.Collect$$libinit$$0000001F)
    __rt_lib_init_getenv_1                   0x080001a7   Thumb Code     0  libinit2.o(.ARM.Collect$$libinit$$00000023)
    __rt_lib_init_heap_1                     0x080001a7   Thumb Code     0  libinit2.o(.ARM.Collect$$libinit$$0000000A)
    __rt_lib_init_lc_collate_1               0x080001a7   Thumb Code     0  libinit2.o(.ARM.Collect$$libinit$$00000011)
    __rt_lib_init_lc_ctype_1                 0x080001a7   Thumb Code     0  libinit2.o(.ARM.Collect$$libinit$$00000013)
    __rt_lib_init_lc_monetary_1              0x080001a7   Thumb Code     0  libinit2.o(.ARM.Collect$$libinit$$00000015)
    __rt_lib_init_lc_numeric_1               0x080001a7   Thumb Code     0  libinit2.o(.ARM.Collect$$libinit$$00000017)
    __rt_lib_init_lc_time_1                  0x080001a7   Thumb Code     0  libinit2.o(.ARM.Collect$$libinit$$00000019)
    __rt_lib_init_preinit_1                  0x080001a7   Thumb Code     0  libinit2.o(.ARM.Collect$$libinit$$00000004)
    __rt_lib_init_rand_1                     0x080001a7   Thumb Code     0  libinit2.o(.ARM.Collect$$libinit$$0000000E)
    __rt_lib_init_return                     0x080001a7   Thumb Code     0  libinit2.o(.ARM.Collect$$libinit$$00000033)
    __rt_lib_init_signal_1                   0x080001a7   Thumb Code     0  libinit2.o(.ARM.Collect$$libinit$$0000001D)
    __rt_lib_init_stdio_1                    0x080001a7   Thumb Code     0  libinit2.o(.ARM.Collect$$libinit$$00000025)
    __rt_lib_init_user_alloc_1               0x080001a7   Thumb Code     0  libinit2.o(.ARM.Collect$$libinit$$0000000C)
    __rt_lib_shutdown                        0x080001a9   Thumb Code     0  libshutdown.o(.ARM.Collect$$libshutdown$$00000000)
    __rt_lib_shutdown_cpp_1                  0x080001ab   Thumb Code     0  libshutdown2.o(.ARM.Collect$$libshutdown$$00000002)
    __rt_lib_shutdown_fp_trap_1              0x080001ab   Thumb Code     0  libshutdown2.o(.ARM.Collect$$libshutdown$$00000007)
    __rt_lib_shutdown_heap_1                 0x080001ab   Thumb Code     0  libshutdown2.o(.ARM.Collect$$libshutdown$$0000000F)
    __rt_lib_shutdown_return                 0x080001ab   Thumb Code     0  libshutdown2.o(.ARM.Collect$$libshutdown$$00000010)
    __rt_lib_shutdown_signal_1               0x080001ab   Thumb Code     0  libshutdown2.o(.ARM.Collect$$libshutdown$$0000000A)
    __rt_lib_shutdown_stdio_1                0x080001ab   Thumb Code     0  libshutdown2.o(.ARM.Collect$$libshutdown$$00000004)
    __rt_lib_shutdown_user_alloc_1           0x080001ab   Thumb Code     0  libshutdown2.o(.ARM.Collect$$libshutdown$$0000000C)
    __rt_entry                               0x080001ad   Thumb Code     0  __rtentry.o(.ARM.Collect$$rtentry$$00000000)
    __rt_entry_presh_1                       0x080001ad   Thumb Code     0  __rtentry2.o(.ARM.Collect$$rtentry$$00000002)
    __rt_entry_sh                            0x080001ad   Thumb Code     0  __rtentry4.o(.ARM.Collect$$rtentry$$00000004)
    __rt_entry_li                            0x080001b3   Thumb Code     0  __rtentry2.o(.ARM.Collect$$rtentry$$0000000A)
    __rt_entry_postsh_1                      0x080001b3   Thumb Code     0  __rtentry2.o(.ARM.Collect$$rtentry$$00000009)
    __rt_entry_main                          0x080001b7   Thumb Code     0  __rtentry2.o(.ARM.Collect$$rtentry$$0000000D)
    __rt_entry_postli_1                      0x080001b7   Thumb Code     0  __rtentry2.o(.ARM.Collect$$rtentry$$0000000C)
    __rt_exit                                0x080001bf   Thumb Code     0  rtexit.o(.ARM.Collect$$rtexit$$00000000)
    __rt_exit_ls                             0x080001c1   Thumb Code     0  rtexit2.o(.ARM.Collect$$rtexit$$00000003)
    __rt_exit_prels_1                        0x080001c1   Thumb Code     0  rtexit2.o(.ARM.Collect$$rtexit$$00000002)
    __rt_exit_exit                           0x080001c5   Thumb Code     0  rtexit2.o(.ARM.Collect$$rtexit$$00000004)
    Reset_Handler                            0x080001cd   Thumb Code     8  startup_stm32f10x_hd.o(.text)
    ADC1_2_IRQHandler                        0x080001e7   Thumb Code     0  startup_stm32f10x_hd.o(.text)
    ADC3_IRQHandler                          0x080001e7   Thumb Code     0  startup_stm32f10x_hd.o(.text)
    CAN1_RX1_IRQHandler                      0x080001e7   Thumb Code     0  startup_stm32f10x_hd.o(.text)
    CAN1_SCE_IRQHandler                      0x080001e7   Thumb Code     0  startup_stm32f10x_hd.o(.text)
    DMA1_Channel1_IRQHandler                 0x080001e7   Thumb Code     0  startup_stm32f10x_hd.o(.text)
    DMA1_Channel2_IRQHandler                 0x080001e7   Thumb Code     0  startup_stm32f10x_hd.o(.text)
    DMA1_Channel3_IRQHandler                 0x080001e7   Thumb Code     0  startup_stm32f10x_hd.o(.text)
    DMA1_Channel4_IRQHandler                 0x080001e7   Thumb Code     0  startup_stm32f10x_hd.o(.text)
    DMA1_Channel5_IRQHandler                 0x080001e7   Thumb Code     0  startup_stm32f10x_hd.o(.text)
    DMA1_Channel6_IRQHandler                 0x080001e7   Thumb Code     0  startup_stm32f10x_hd.o(.text)
    DMA1_Channel7_IRQHandler                 0x080001e7   Thumb Code     0  startup_stm32f10x_hd.o(.text)
    DMA2_Channel1_IRQHandler                 0x080001e7   Thumb Code     0  startup_stm32f10x_hd.o(.text)
    DMA2_Channel2_IRQHandler                 0x080001e7   Thumb Code     0  startup_stm32f10x_hd.o(.text)
    DMA2_Channel3_IRQHandler                 0x080001e7   Thumb Code     0  startup_stm32f10x_hd.o(.text)
    DMA2_Channel4_5_IRQHandler               0x080001e7   Thumb Code     0  startup_stm32f10x_hd.o(.text)
    EXTI0_IRQHandler                         0x080001e7   Thumb Code     0  startup_stm32f10x_hd.o(.text)
    EXTI15_10_IRQHandler                     0x080001e7   Thumb Code     0  startup_stm32f10x_hd.o(.text)
    EXTI1_IRQHandler                         0x080001e7   Thumb Code     0  startup_stm32f10x_hd.o(.text)
    EXTI2_IRQHandler                         0x080001e7   Thumb Code     0  startup_stm32f10x_hd.o(.text)
    EXTI3_IRQHandler                         0x080001e7   Thumb Code     0  startup_stm32f10x_hd.o(.text)
    EXTI4_IRQHandler                         0x080001e7   Thumb Code     0  startup_stm32f10x_hd.o(.text)
    EXTI9_5_IRQHandler                       0x080001e7   Thumb Code     0  startup_stm32f10x_hd.o(.text)
    FLASH_IRQHandler                         0x080001e7   Thumb Code     0  startup_stm32f10x_hd.o(.text)
    FSMC_IRQHandler                          0x080001e7   Thumb Code     0  startup_stm32f10x_hd.o(.text)
    I2C1_ER_IRQHandler                       0x080001e7   Thumb Code     0  startup_stm32f10x_hd.o(.text)
    I2C1_EV_IRQHandler                       0x080001e7   Thumb Code     0  startup_stm32f10x_hd.o(.text)
    I2C2_ER_IRQHandler                       0x080001e7   Thumb Code     0  startup_stm32f10x_hd.o(.text)
    I2C2_EV_IRQHandler                       0x080001e7   Thumb Code     0  startup_stm32f10x_hd.o(.text)
    PVD_IRQHandler                           0x080001e7   Thumb Code     0  startup_stm32f10x_hd.o(.text)
    RCC_IRQHandler                           0x080001e7   Thumb Code     0  startup_stm32f10x_hd.o(.text)
    RTCAlarm_IRQHandler                      0x080001e7   Thumb Code     0  startup_stm32f10x_hd.o(.text)
    RTC_IRQHandler                           0x080001e7   Thumb Code     0  startup_stm32f10x_hd.o(.text)
    SDIO_IRQHandler                          0x080001e7   Thumb Code     0  startup_stm32f10x_hd.o(.text)
    SPI1_IRQHandler                          0x080001e7   Thumb Code     0  startup_stm32f10x_hd.o(.text)
    SPI2_IRQHandler                          0x080001e7   Thumb Code     0  startup_stm32f10x_hd.o(.text)
    SPI3_IRQHandler                          0x080001e7   Thumb Code     0  startup_stm32f10x_hd.o(.text)
    TAMPER_IRQHandler                        0x080001e7   Thumb Code     0  startup_stm32f10x_hd.o(.text)
    TIM1_BRK_IRQHandler                      0x080001e7   Thumb Code     0  startup_stm32f10x_hd.o(.text)
    TIM1_CC_IRQHandler                       0x080001e7   Thumb Code     0  startup_stm32f10x_hd.o(.text)
    TIM1_TRG_COM_IRQHandler                  0x080001e7   Thumb Code     0  startup_stm32f10x_hd.o(.text)
    TIM1_UP_IRQHandler                       0x080001e7   Thumb Code     0  startup_stm32f10x_hd.o(.text)
    TIM2_IRQHandler                          0x080001e7   Thumb Code     0  startup_stm32f10x_hd.o(.text)
    TIM3_IRQHandler                          0x080001e7   Thumb Code     0  startup_stm32f10x_hd.o(.text)
    TIM4_IRQHandler                          0x080001e7   Thumb Code     0  startup_stm32f10x_hd.o(.text)
    TIM5_IRQHandler                          0x080001e7   Thumb Code     0  startup_stm32f10x_hd.o(.text)
    TIM6_IRQHandler                          0x080001e7   Thumb Code     0  startup_stm32f10x_hd.o(.text)
    TIM7_IRQHandler                          0x080001e7   Thumb Code     0  startup_stm32f10x_hd.o(.text)
    TIM8_BRK_IRQHandler                      0x080001e7   Thumb Code     0  startup_stm32f10x_hd.o(.text)
    TIM8_CC_IRQHandler                       0x080001e7   Thumb Code     0  startup_stm32f10x_hd.o(.text)
    TIM8_TRG_COM_IRQHandler                  0x080001e7   Thumb Code     0  startup_stm32f10x_hd.o(.text)
    TIM8_UP_IRQHandler                       0x080001e7   Thumb Code     0  startup_stm32f10x_hd.o(.text)
    UART5_IRQHandler                         0x080001e7   Thumb Code     0  startup_stm32f10x_hd.o(.text)
    USART1_IRQHandler                        0x080001e7   Thumb Code     0  startup_stm32f10x_hd.o(.text)
    USART3_IRQHandler                        0x080001e7   Thumb Code     0  startup_stm32f10x_hd.o(.text)
    USBWakeUp_IRQHandler                     0x080001e7   Thumb Code     0  startup_stm32f10x_hd.o(.text)
    USB_HP_CAN1_TX_IRQHandler                0x080001e7   Thumb Code     0  startup_stm32f10x_hd.o(.text)
    USB_LP_CAN1_RX0_IRQHandler               0x080001e7   Thumb Code     0  startup_stm32f10x_hd.o(.text)
    WWDG_IRQHandler                          0x080001e7   Thumb Code     0  startup_stm32f10x_hd.o(.text)
    __user_initial_stackheap                 0x080001e9   Thumb Code     0  startup_stm32f10x_hd.o(.text)
    __use_two_region_memory                  0x0800020d   Thumb Code     2  heapauxi.o(.text)
    __rt_heap_escrow$2region                 0x0800020f   Thumb Code     2  heapauxi.o(.text)
    __rt_heap_expand$2region                 0x08000211   Thumb Code     2  heapauxi.o(.text)
    __user_setup_stackheap                   0x08000213   Thumb Code    74  sys_stackheap_outer.o(.text)
    exit                                     0x0800025d   Thumb Code    18  exit.o(.text)
    __user_libspace                          0x08000271   Thumb Code     8  libspace.o(.text)
    __user_perproc_libspace                  0x08000271   Thumb Code     0  libspace.o(.text)
    __user_perthread_libspace                0x08000271   Thumb Code     0  libspace.o(.text)
    _sys_exit                                0x08000279   Thumb Code     8  sys_exit.o(.text)
    __I$use$semihosting                      0x08000285   Thumb Code     0  use_no_semi.o(.text)
    __use_no_semihosting_swi                 0x08000285   Thumb Code     2  use_no_semi.o(.text)
    BusFault_Handler                         0x08000287   Thumb Code     4  stm32f10x_it.o(i.BusFault_Handler)
    __semihosting_library_function           0x08000287   Thumb Code     0  indicate_semi.o(.text)
    Buzzer_Init                              0x0800028d   Thumb Code    48  buzzer.o(i.Buzzer_Init)
    Clear_All_Encoder_Count                  0x080002c1   Thumb Code    38  encoder.o(i.Clear_All_Encoder_Count)
    DebugMon_Handler                         0x080002f5   Thumb Code     2  stm32f10x_it.o(i.DebugMon_Handler)
    Delay_ms                                 0x080002f7   Thumb Code    24  delay.o(i.Delay_ms)
    Delay_us                                 0x0800030f   Thumb Code    46  delay.o(i.Delay_us)
    Encoder_Init                             0x0800033d   Thumb Code   354  encoder.o(i.Encoder_Init)
    GPIO_Init                                0x080004c1   Thumb Code   278  stm32f10x_gpio.o(i.GPIO_Init)
    GPIO_PinRemapConfig                      0x080005d9   Thumb Code   138  stm32f10x_gpio.o(i.GPIO_PinRemapConfig)
    GPIO_ReadInputDataBit                    0x08000669   Thumb Code    18  stm32f10x_gpio.o(i.GPIO_ReadInputDataBit)
    GPIO_ResetBits                           0x0800067b   Thumb Code     4  stm32f10x_gpio.o(i.GPIO_ResetBits)
    GPIO_SetBits                             0x0800067f   Thumb Code     4  stm32f10x_gpio.o(i.GPIO_SetBits)
    GPIO_WriteBit                            0x08000683   Thumb Code    10  stm32f10x_gpio.o(i.GPIO_WriteBit)
    GY25_DisplayOnOLED                       0x0800068d   Thumb Code   336  gy25.o(i.GY25_DisplayOnOLED)
    GY25_Init                                0x080007e1   Thumb Code   166  gy25.o(i.GY25_Init)
    GY25_IsDataValid                         0x08000891   Thumb Code     6  gy25.o(i.GY25_IsDataValid)
    GY25_ProcessData                         0x0800089d   Thumb Code    20  gy25.o(i.GY25_ProcessData)
    GY25_SendQuery                           0x080008b5   Thumb Code    20  gy25.o(i.GY25_SendQuery)
    HardFault_Handler                        0x080008cd   Thumb Code     4  stm32f10x_it.o(i.HardFault_Handler)
    Key_Init                                 0x080008d1   Thumb Code    62  key.o(i.Key_Init)
    LED_Init                                 0x08000919   Thumb Code    50  led.o(i.LED_Init)
    MemManage_Handler                        0x08000951   Thumb Code     4  stm32f10x_it.o(i.MemManage_Handler)
    MotorA_SetSpeed                          0x08000955   Thumb Code   108  motor.o(i.MotorA_SetSpeed)
    MotorB_SetSpeed                          0x080009c9   Thumb Code   108  motor.o(i.MotorB_SetSpeed)
    MotorC_SetSpeed                          0x08000a3d   Thumb Code   108  motor.o(i.MotorC_SetSpeed)
    MotorD_SetSpeed                          0x08000ab1   Thumb Code   102  motor.o(i.MotorD_SetSpeed)
    Motor_Init                               0x08000b21   Thumb Code   238  motor.o(i.Motor_Init)
    Motor_SetSpeed                           0x08000c1d   Thumb Code    40  motor.o(i.Motor_SetSpeed)
    Motor_Stop                               0x08000c45   Thumb Code    46  motor.o(i.Motor_Stop)
    Move_Backward_Along_Edge_Precise         0x08000c7d   Thumb Code   110  main.o(i.Move_Backward_Along_Edge_Precise)
    Move_Distance_With_Speed                 0x08000cf1   Thumb Code  1350  control.o(i.Move_Distance_With_Speed)
    NMI_Handler                              0x08001241   Thumb Code     2  stm32f10x_it.o(i.NMI_Handler)
    NVIC_Init                                0x08001245   Thumb Code   100  misc.o(i.NVIC_Init)
    NVIC_PriorityGroupConfig                 0x080012b5   Thumb Code    10  misc.o(i.NVIC_PriorityGroupConfig)
    OLED_Clear                               0x080012c9   Thumb Code    42  oled.o(i.OLED_Clear)
    OLED_I2C_Init                            0x080012f5   Thumb Code    72  oled.o(i.OLED_I2C_Init)
    OLED_I2C_SendByte                        0x08001341   Thumb Code    82  oled.o(i.OLED_I2C_SendByte)
    OLED_I2C_Start                           0x08001399   Thumb Code    44  oled.o(i.OLED_I2C_Start)
    OLED_I2C_Stop                            0x080013c9   Thumb Code    34  oled.o(i.OLED_I2C_Stop)
    OLED_Init                                0x080013f1   Thumb Code   174  oled.o(i.OLED_Init)
    OLED_Pow                                 0x0800149f   Thumb Code    20  oled.o(i.OLED_Pow)
    OLED_SetCursor                           0x080014b3   Thumb Code    34  oled.o(i.OLED_SetCursor)
    OLED_ShowChar                            0x080014d5   Thumb Code   110  oled.o(i.OLED_ShowChar)
    OLED_ShowNum                             0x08001549   Thumb Code    68  oled.o(i.OLED_ShowNum)
    OLED_WriteCommand                        0x0800158d   Thumb Code    32  oled.o(i.OLED_WriteCommand)
    OLED_WriteData                           0x080015ad   Thumb Code    32  oled.o(i.OLED_WriteData)
    PID_Calculate                            0x080015cd   Thumb Code   220  control.o(i.PID_Calculate)
    PID_Calculate_Speed                      0x080016b5   Thumb Code   176  control.o(i.PID_Calculate_Speed)
    PID_Init                                 0x08001765   Thumb Code    32  control.o(i.PID_Init)
    PendSV_Handler                           0x08001785   Thumb Code     2  stm32f10x_it.o(i.PendSV_Handler)
    RCC_APB1PeriphClockCmd                   0x08001789   Thumb Code    26  stm32f10x_rcc.o(i.RCC_APB1PeriphClockCmd)
    RCC_APB1PeriphResetCmd                   0x080017a9   Thumb Code    26  stm32f10x_rcc.o(i.RCC_APB1PeriphResetCmd)
    RCC_APB2PeriphClockCmd                   0x080017c9   Thumb Code    26  stm32f10x_rcc.o(i.RCC_APB2PeriphClockCmd)
    RCC_APB2PeriphResetCmd                   0x080017e9   Thumb Code    26  stm32f10x_rcc.o(i.RCC_APB2PeriphResetCmd)
    RCC_GetClocksFreq                        0x08001809   Thumb Code   192  stm32f10x_rcc.o(i.RCC_GetClocksFreq)
    Read_Front_Left_Encoder                  0x080018dd   Thumb Code    12  encoder.o(i.Read_Front_Left_Encoder)
    Read_Front_Right_Encoder                 0x080018ed   Thumb Code    12  encoder.o(i.Read_Front_Right_Encoder)
    Read_Rear_Left_Encoder                   0x080018fd   Thumb Code    14  encoder.o(i.Read_Rear_Left_Encoder)
    Read_Rear_Right_Encoder                  0x0800190d   Thumb Code    12  encoder.o(i.Read_Rear_Right_Encoder)
    SVC_Handler                              0x0800191d   Thumb Code     2  stm32f10x_it.o(i.SVC_Handler)
    Sensor_Init                              0x08001921   Thumb Code    38  sensor.o(i.Sensor_Init)
    Sensor_Left_Get                          0x0800194d   Thumb Code    12  sensor.o(i.Sensor_Left_Get)
    Sensor_Middle_Get                        0x0800195d   Thumb Code    12  sensor.o(i.Sensor_Middle_Get)
    Sensor_Right_Get                         0x0800196d   Thumb Code    12  sensor.o(i.Sensor_Right_Get)
    Serial_Init                              0x0800197d   Thumb Code   170  serial.o(i.Serial_Init)
    SysTick_Handler                          0x08001b19   Thumb Code     2  stm32f10x_it.o(i.SysTick_Handler)
    SystemInit                               0x08001b1d   Thumb Code    78  system_stm32f10x.o(i.SystemInit)
    TIM_ARRPreloadConfig                     0x08001dbd   Thumb Code    24  stm32f10x_tim.o(i.TIM_ARRPreloadConfig)
    TIM_Cmd                                  0x08001dd5   Thumb Code    24  stm32f10x_tim.o(i.TIM_Cmd)
    TIM_EncoderInterfaceConfig               0x08001ded   Thumb Code    66  stm32f10x_tim.o(i.TIM_EncoderInterfaceConfig)
    TIM_GetCounter                           0x08001e2f   Thumb Code     6  stm32f10x_tim.o(i.TIM_GetCounter)
    TIM_ICInit                               0x08001e35   Thumb Code   150  stm32f10x_tim.o(i.TIM_ICInit)
    TIM_ICStructInit                         0x08001ee1   Thumb Code    18  stm32f10x_tim.o(i.TIM_ICStructInit)
    TIM_OC1Init                              0x08001ef5   Thumb Code   132  stm32f10x_tim.o(i.TIM_OC1Init)
    TIM_OC1PreloadConfig                     0x08001f8d   Thumb Code    18  stm32f10x_tim.o(i.TIM_OC1PreloadConfig)
    TIM_OC2Init                              0x08001fa1   Thumb Code   154  stm32f10x_tim.o(i.TIM_OC2Init)
    TIM_OC2PreloadConfig                     0x08002045   Thumb Code    26  stm32f10x_tim.o(i.TIM_OC2PreloadConfig)
    TIM_OC3Init                              0x08002061   Thumb Code   150  stm32f10x_tim.o(i.TIM_OC3Init)
    TIM_OC3PreloadConfig                     0x08002101   Thumb Code    18  stm32f10x_tim.o(i.TIM_OC3PreloadConfig)
    TIM_OC4Init                              0x08002115   Thumb Code   114  stm32f10x_tim.o(i.TIM_OC4Init)
    TIM_OC4PreloadConfig                     0x08002191   Thumb Code    26  stm32f10x_tim.o(i.TIM_OC4PreloadConfig)
    TIM_SetCompare1                          0x080021ab   Thumb Code     4  stm32f10x_tim.o(i.TIM_SetCompare1)
    TIM_SetCompare2                          0x080021af   Thumb Code     4  stm32f10x_tim.o(i.TIM_SetCompare2)
    TIM_SetCompare3                          0x080021b3   Thumb Code     4  stm32f10x_tim.o(i.TIM_SetCompare3)
    TIM_SetCompare4                          0x080021b7   Thumb Code     6  stm32f10x_tim.o(i.TIM_SetCompare4)
    TIM_SetCounter                           0x080021bd   Thumb Code     4  stm32f10x_tim.o(i.TIM_SetCounter)
    TIM_SetIC1Prescaler                      0x080021c1   Thumb Code    18  stm32f10x_tim.o(i.TIM_SetIC1Prescaler)
    TIM_SetIC2Prescaler                      0x080021d3   Thumb Code    26  stm32f10x_tim.o(i.TIM_SetIC2Prescaler)
    TIM_SetIC3Prescaler                      0x080021ed   Thumb Code    18  stm32f10x_tim.o(i.TIM_SetIC3Prescaler)
    TIM_SetIC4Prescaler                      0x080021ff   Thumb Code    26  stm32f10x_tim.o(i.TIM_SetIC4Prescaler)
    TIM_TimeBaseInit                         0x08002219   Thumb Code   122  stm32f10x_tim.o(i.TIM_TimeBaseInit)
    TIM_TimeBaseStructInit                   0x080022bd   Thumb Code    18  stm32f10x_tim.o(i.TIM_TimeBaseStructInit)
    UART4_IRQHandler                         0x080022d1   Thumb Code   156  gy25.o(i.UART4_IRQHandler)
    USART2_IRQHandler                        0x08002381   Thumb Code    94  serial.o(i.USART2_IRQHandler)
    USART_ClearITPendingBit                  0x080023f1   Thumb Code    30  stm32f10x_usart.o(i.USART_ClearITPendingBit)
    USART_Cmd                                0x0800240f   Thumb Code    24  stm32f10x_usart.o(i.USART_Cmd)
    USART_DeInit                             0x08002429   Thumb Code   134  stm32f10x_usart.o(i.USART_DeInit)
    USART_GetITStatus                        0x080024c5   Thumb Code    84  stm32f10x_usart.o(i.USART_GetITStatus)
    USART_ITConfig                           0x08002519   Thumb Code    74  stm32f10x_usart.o(i.USART_ITConfig)
    USART_Init                               0x08002565   Thumb Code   210  stm32f10x_usart.o(i.USART_Init)
    USART_ReceiveData                        0x0800263d   Thumb Code    10  stm32f10x_usart.o(i.USART_ReceiveData)
    USART_SendData                           0x08002647   Thumb Code     8  stm32f10x_usart.o(i.USART_SendData)
    UsageFault_Handler                       0x0800264f   Thumb Code     4  stm32f10x_it.o(i.UsageFault_Handler)
    calculate_wheel_speed                    0x08002653   Thumb Code    18  control.o(i.calculate_wheel_speed)
    fmaxf                                    0x08002665   Thumb Code    40  fmaxf.o(i.fmaxf)
    fminf                                    0x0800268d   Thumb Code    40  fminf.o(i.fminf)
    main                                     0x080026b5   Thumb Code    70  main.o(i.main)
    step12                                   0x080026fd   Thumb Code    88  main.o(i.step12)
    step3                                    0x0800276d   Thumb Code    58  main.o(i.step3)
    __aeabi_fadd                             0x080027bd   Thumb Code     0  faddsub_clz.o(x$fpl$fadd)
    _fadd                                    0x080027bd   Thumb Code   196  faddsub_clz.o(x$fpl$fadd)
    __fcmp4                                  0x08002881   Thumb Code    82  fcmp4.o(x$fpl$fcmp4)
    __ARM_fcmp4                              0x080028d3   Thumb Code     0  fcmp4.o(x$fpl$fcmp4)
    _fcmp4                                   0x080028d3   Thumb Code    60  fcmp4.o(x$fpl$fcmp4)
    __fpl_fcmp_Inf                           0x0800290f   Thumb Code    24  fcmpi.o(x$fpl$fcmpinf)
    __aeabi_fdiv                             0x08002929   Thumb Code     0  fdiv.o(x$fpl$fdiv)
    _fdiv                                    0x08002929   Thumb Code   384  fdiv.o(x$fpl$fdiv)
    __aeabi_f2iz                             0x08002aad   Thumb Code     0  ffix.o(x$fpl$ffix)
    _ffix                                    0x08002aad   Thumb Code    54  ffix.o(x$fpl$ffix)
    __aeabi_i2f                              0x08002ae5   Thumb Code     0  fflt_clz.o(x$fpl$fflt)
    _fflt                                    0x08002ae5   Thumb Code    48  fflt_clz.o(x$fpl$fflt)
    __aeabi_cfcmple                          0x08002b15   Thumb Code     0  fleqf.o(x$fpl$fleqf)
    _fcmple                                  0x08002b15   Thumb Code   104  fleqf.o(x$fpl$fleqf)
    __fpl_fcmple_InfNaN                      0x08002b67   Thumb Code     0  fleqf.o(x$fpl$fleqf)
    __aeabi_fmul                             0x08002b7d   Thumb Code     0  fmul.o(x$fpl$fmul)
    _fmul                                    0x08002b7d   Thumb Code   258  fmul.o(x$fpl$fmul)
    __fpl_fnaninf                            0x08002c7f   Thumb Code   140  fnaninf.o(x$fpl$fnaninf)
    __fpl_fretinf                            0x08002d0b   Thumb Code    10  fretinf.o(x$fpl$fretinf)
    __aeabi_cfrcmple                         0x08002d15   Thumb Code     0  frleqf.o(x$fpl$frleqf)
    _frcmple                                 0x08002d15   Thumb Code    98  frleqf.o(x$fpl$frleqf)
    __aeabi_fsub                             0x08002d79   Thumb Code     0  faddsub_clz.o(x$fpl$fsub)
    _fsub                                    0x08002d79   Thumb Code   234  faddsub_clz.o(x$fpl$fsub)
    OLED_F8x16                               0x08002e62   Data        1520  oled.o(.constdata)
    __I$use$fp                               0x08002e62   Number         0  usenofp.o(x$fpl$usenofp)
    Region$$Table$$Base                      0x08003454   Number         0  anon$$obj.o(Region$$Table)
    Region$$Table$$Limit                     0x08003474   Number         0  anon$$obj.o(Region$$Table)
    last_encoder_FL                          0x20000014   Data           4  control.o(.data)
    last_encoder_FR                          0x20000018   Data           4  control.o(.data)
    last_encoder_RL                          0x2000001c   Data           4  control.o(.data)
    last_encoder_RR                          0x20000020   Data           4  control.o(.data)
    Serial_RxFlag                            0x20000024   Data           1  serial.o(.data)
    GY25_Data                                0x20000028   Data           8  gy25.o(.data)
    Yaw_PID                                  0x20000044   Data          44  control.o(.bss)
    Wheel_FL_PID                             0x20000070   Data          44  control.o(.bss)
    Wheel_FR_PID                             0x2000009c   Data          44  control.o(.bss)
    Wheel_RL_PID                             0x200000c8   Data          44  control.o(.bss)
    Wheel_RR_PID                             0x200000f4   Data          44  control.o(.bss)
    Serial_RxPacket                          0x20000120   Data         100  serial.o(.bss)
    __libspace_start                         0x20000184   Data          96  libspace.o(.bss)
    __temporary_stack_top$libspace           0x200001e4   Data           0  libspace.o(.bss)



==============================================================================

Memory Map of the image

  Image Entry point : 0x08000131

  Load Region LR_IROM1 (Base: 0x08000000, Size: 0x000034b8, Max: 0x00080000, ABSOLUTE)

    Execution Region ER_IROM1 (Exec base: 0x08000000, Load base: 0x08000000, Size: 0x00003474, Max: 0x00080000, ABSOLUTE)

    Exec Addr    Load Addr    Size         Type   Attr      Idx    E Section Name        Object

    0x08000000   0x08000000   0x00000130   Data   RO          132    RESET               startup_stm32f10x_hd.o
    0x08000130   0x08000130   0x00000008   Code   RO         4003  * !!!main             c_w.l(__main.o)
    0x08000138   0x08000138   0x00000034   Code   RO         4364    !!!scatter          c_w.l(__scatter.o)
    0x0800016c   0x0800016c   0x0000001a   Code   RO         4366    !!handler_copy      c_w.l(__scatter_copy.o)
    0x08000186   0x08000186   0x00000002   PAD
    0x08000188   0x08000188   0x0000001c   Code   RO         4368    !!handler_zi        c_w.l(__scatter_zi.o)
    0x080001a4   0x080001a4   0x00000002   Code   RO         4225    .ARM.Collect$$libinit$$00000000  c_w.l(libinit.o)
    0x080001a6   0x080001a6   0x00000000   Code   RO         4241    .ARM.Collect$$libinit$$00000002  c_w.l(libinit2.o)
    0x080001a6   0x080001a6   0x00000000   Code   RO         4243    .ARM.Collect$$libinit$$00000004  c_w.l(libinit2.o)
    0x080001a6   0x080001a6   0x00000000   Code   RO         4246    .ARM.Collect$$libinit$$0000000A  c_w.l(libinit2.o)
    0x080001a6   0x080001a6   0x00000000   Code   RO         4248    .ARM.Collect$$libinit$$0000000C  c_w.l(libinit2.o)
    0x080001a6   0x080001a6   0x00000000   Code   RO         4250    .ARM.Collect$$libinit$$0000000E  c_w.l(libinit2.o)
    0x080001a6   0x080001a6   0x00000000   Code   RO         4253    .ARM.Collect$$libinit$$00000011  c_w.l(libinit2.o)
    0x080001a6   0x080001a6   0x00000000   Code   RO         4255    .ARM.Collect$$libinit$$00000013  c_w.l(libinit2.o)
    0x080001a6   0x080001a6   0x00000000   Code   RO         4257    .ARM.Collect$$libinit$$00000015  c_w.l(libinit2.o)
    0x080001a6   0x080001a6   0x00000000   Code   RO         4259    .ARM.Collect$$libinit$$00000017  c_w.l(libinit2.o)
    0x080001a6   0x080001a6   0x00000000   Code   RO         4261    .ARM.Collect$$libinit$$00000019  c_w.l(libinit2.o)
    0x080001a6   0x080001a6   0x00000000   Code   RO         4263    .ARM.Collect$$libinit$$0000001B  c_w.l(libinit2.o)
    0x080001a6   0x080001a6   0x00000000   Code   RO         4265    .ARM.Collect$$libinit$$0000001D  c_w.l(libinit2.o)
    0x080001a6   0x080001a6   0x00000000   Code   RO         4267    .ARM.Collect$$libinit$$0000001F  c_w.l(libinit2.o)
    0x080001a6   0x080001a6   0x00000000   Code   RO         4269    .ARM.Collect$$libinit$$00000021  c_w.l(libinit2.o)
    0x080001a6   0x080001a6   0x00000000   Code   RO         4271    .ARM.Collect$$libinit$$00000023  c_w.l(libinit2.o)
    0x080001a6   0x080001a6   0x00000000   Code   RO         4273    .ARM.Collect$$libinit$$00000025  c_w.l(libinit2.o)
    0x080001a6   0x080001a6   0x00000000   Code   RO         4277    .ARM.Collect$$libinit$$0000002C  c_w.l(libinit2.o)
    0x080001a6   0x080001a6   0x00000000   Code   RO         4279    .ARM.Collect$$libinit$$0000002E  c_w.l(libinit2.o)
    0x080001a6   0x080001a6   0x00000000   Code   RO         4281    .ARM.Collect$$libinit$$00000030  c_w.l(libinit2.o)
    0x080001a6   0x080001a6   0x00000000   Code   RO         4283    .ARM.Collect$$libinit$$00000032  c_w.l(libinit2.o)
    0x080001a6   0x080001a6   0x00000002   Code   RO         4284    .ARM.Collect$$libinit$$00000033  c_w.l(libinit2.o)
    0x080001a8   0x080001a8   0x00000002   Code   RO         4304    .ARM.Collect$$libshutdown$$00000000  c_w.l(libshutdown.o)
    0x080001aa   0x080001aa   0x00000000   Code   RO         4317    .ARM.Collect$$libshutdown$$00000002  c_w.l(libshutdown2.o)
    0x080001aa   0x080001aa   0x00000000   Code   RO         4319    .ARM.Collect$$libshutdown$$00000004  c_w.l(libshutdown2.o)
    0x080001aa   0x080001aa   0x00000000   Code   RO         4322    .ARM.Collect$$libshutdown$$00000007  c_w.l(libshutdown2.o)
    0x080001aa   0x080001aa   0x00000000   Code   RO         4325    .ARM.Collect$$libshutdown$$0000000A  c_w.l(libshutdown2.o)
    0x080001aa   0x080001aa   0x00000000   Code   RO         4327    .ARM.Collect$$libshutdown$$0000000C  c_w.l(libshutdown2.o)
    0x080001aa   0x080001aa   0x00000000   Code   RO         4330    .ARM.Collect$$libshutdown$$0000000F  c_w.l(libshutdown2.o)
    0x080001aa   0x080001aa   0x00000002   Code   RO         4331    .ARM.Collect$$libshutdown$$00000010  c_w.l(libshutdown2.o)
    0x080001ac   0x080001ac   0x00000000   Code   RO         4035    .ARM.Collect$$rtentry$$00000000  c_w.l(__rtentry.o)
    0x080001ac   0x080001ac   0x00000000   Code   RO         4147    .ARM.Collect$$rtentry$$00000002  c_w.l(__rtentry2.o)
    0x080001ac   0x080001ac   0x00000006   Code   RO         4159    .ARM.Collect$$rtentry$$00000004  c_w.l(__rtentry4.o)
    0x080001b2   0x080001b2   0x00000000   Code   RO         4149    .ARM.Collect$$rtentry$$00000009  c_w.l(__rtentry2.o)
    0x080001b2   0x080001b2   0x00000004   Code   RO         4150    .ARM.Collect$$rtentry$$0000000A  c_w.l(__rtentry2.o)
    0x080001b6   0x080001b6   0x00000000   Code   RO         4152    .ARM.Collect$$rtentry$$0000000C  c_w.l(__rtentry2.o)
    0x080001b6   0x080001b6   0x00000008   Code   RO         4153    .ARM.Collect$$rtentry$$0000000D  c_w.l(__rtentry2.o)
    0x080001be   0x080001be   0x00000002   Code   RO         4233    .ARM.Collect$$rtexit$$00000000  c_w.l(rtexit.o)
    0x080001c0   0x080001c0   0x00000000   Code   RO         4286    .ARM.Collect$$rtexit$$00000002  c_w.l(rtexit2.o)
    0x080001c0   0x080001c0   0x00000004   Code   RO         4287    .ARM.Collect$$rtexit$$00000003  c_w.l(rtexit2.o)
    0x080001c4   0x080001c4   0x00000006   Code   RO         4288    .ARM.Collect$$rtexit$$00000004  c_w.l(rtexit2.o)
    0x080001ca   0x080001ca   0x00000002   PAD
    0x080001cc   0x080001cc   0x00000040   Code   RO          133    .text               startup_stm32f10x_hd.o
    0x0800020c   0x0800020c   0x00000006   Code   RO         4001    .text               c_w.l(heapauxi.o)
    0x08000212   0x08000212   0x0000004a   Code   RO         4179    .text               c_w.l(sys_stackheap_outer.o)
    0x0800025c   0x0800025c   0x00000012   Code   RO         4218    .text               c_w.l(exit.o)
    0x0800026e   0x0800026e   0x00000002   PAD
    0x08000270   0x08000270   0x00000008   Code   RO         4230    .text               c_w.l(libspace.o)
    0x08000278   0x08000278   0x0000000c   Code   RO         4296    .text               c_w.l(sys_exit.o)
    0x08000284   0x08000284   0x00000002   Code   RO         4307    .text               c_w.l(use_no_semi.o)
    0x08000286   0x08000286   0x00000000   Code   RO         4309    .text               c_w.l(indicate_semi.o)
    0x08000286   0x08000286   0x00000004   Code   RO         3934    i.BusFault_Handler  stm32f10x_it.o
    0x0800028a   0x0800028a   0x00000002   PAD
    0x0800028c   0x0800028c   0x00000034   Code   RO         3445    i.Buzzer_Init       buzzer.o
    0x080002c0   0x080002c0   0x00000034   Code   RO         3477    i.Clear_All_Encoder_Count  encoder.o
    0x080002f4   0x080002f4   0x00000002   Code   RO         3935    i.DebugMon_Handler  stm32f10x_it.o
    0x080002f6   0x080002f6   0x00000018   Code   RO         3196    i.Delay_ms          delay.o
    0x0800030e   0x0800030e   0x0000002e   Code   RO         3198    i.Delay_us          delay.o
    0x0800033c   0x0800033c   0x00000184   Code   RO         3478    i.Encoder_Init      encoder.o
    0x080004c0   0x080004c0   0x00000116   Code   RO         1347    i.GPIO_Init         stm32f10x_gpio.o
    0x080005d6   0x080005d6   0x00000002   PAD
    0x080005d8   0x080005d8   0x00000090   Code   RO         1349    i.GPIO_PinRemapConfig  stm32f10x_gpio.o
    0x08000668   0x08000668   0x00000012   Code   RO         1351    i.GPIO_ReadInputDataBit  stm32f10x_gpio.o
    0x0800067a   0x0800067a   0x00000004   Code   RO         1354    i.GPIO_ResetBits    stm32f10x_gpio.o
    0x0800067e   0x0800067e   0x00000004   Code   RO         1355    i.GPIO_SetBits      stm32f10x_gpio.o
    0x08000682   0x08000682   0x0000000a   Code   RO         1358    i.GPIO_WriteBit     stm32f10x_gpio.o
    0x0800068c   0x0800068c   0x00000154   Code   RO         3782    i.GY25_DisplayOnOLED  gy25.o
    0x080007e0   0x080007e0   0x000000b0   Code   RO         3784    i.GY25_Init         gy25.o
    0x08000890   0x08000890   0x0000000c   Code   RO         3785    i.GY25_IsDataValid  gy25.o
    0x0800089c   0x0800089c   0x00000018   Code   RO         3786    i.GY25_ProcessData  gy25.o
    0x080008b4   0x080008b4   0x00000018   Code   RO         3788    i.GY25_SendQuery    gy25.o
    0x080008cc   0x080008cc   0x00000004   Code   RO         3936    i.HardFault_Handler  stm32f10x_it.o
    0x080008d0   0x080008d0   0x00000048   Code   RO         3424    i.Key_Init          key.o
    0x08000918   0x08000918   0x00000038   Code   RO         3381    i.LED_Init          led.o
    0x08000950   0x08000950   0x00000004   Code   RO         3937    i.MemManage_Handler  stm32f10x_it.o
    0x08000954   0x08000954   0x00000074   Code   RO         3522    i.MotorA_SetSpeed   motor.o
    0x080009c8   0x080009c8   0x00000074   Code   RO         3523    i.MotorB_SetSpeed   motor.o
    0x08000a3c   0x08000a3c   0x00000074   Code   RO         3524    i.MotorC_SetSpeed   motor.o
    0x08000ab0   0x08000ab0   0x00000070   Code   RO         3525    i.MotorD_SetSpeed   motor.o
    0x08000b20   0x08000b20   0x000000fc   Code   RO         3526    i.Motor_Init        motor.o
    0x08000c1c   0x08000c1c   0x00000028   Code   RO         3527    i.Motor_SetSpeed    motor.o
    0x08000c44   0x08000c44   0x00000038   Code   RO         3528    i.Motor_Stop        motor.o
    0x08000c7c   0x08000c7c   0x00000074   Code   RO         3881    i.Move_Backward_Along_Edge_Precise  main.o
    0x08000cf0   0x08000cf0   0x00000550   Code   RO         3220    i.Move_Distance_With_Speed  control.o
    0x08001240   0x08001240   0x00000002   Code   RO         3938    i.NMI_Handler       stm32f10x_it.o
    0x08001242   0x08001242   0x00000002   PAD
    0x08001244   0x08001244   0x00000070   Code   RO          137    i.NVIC_Init         misc.o
    0x080012b4   0x080012b4   0x00000014   Code   RO          138    i.NVIC_PriorityGroupConfig  misc.o
    0x080012c8   0x080012c8   0x0000002a   Code   RO         3603    i.OLED_Clear        oled.o
    0x080012f2   0x080012f2   0x00000002   PAD
    0x080012f4   0x080012f4   0x0000004c   Code   RO         3604    i.OLED_I2C_Init     oled.o
    0x08001340   0x08001340   0x00000058   Code   RO         3605    i.OLED_I2C_SendByte  oled.o
    0x08001398   0x08001398   0x00000030   Code   RO         3606    i.OLED_I2C_Start    oled.o
    0x080013c8   0x080013c8   0x00000028   Code   RO         3607    i.OLED_I2C_Stop     oled.o
    0x080013f0   0x080013f0   0x000000ae   Code   RO         3608    i.OLED_Init         oled.o
    0x0800149e   0x0800149e   0x00000014   Code   RO         3609    i.OLED_Pow          oled.o
    0x080014b2   0x080014b2   0x00000022   Code   RO         3610    i.OLED_SetCursor    oled.o
    0x080014d4   0x080014d4   0x00000074   Code   RO         3612    i.OLED_ShowChar     oled.o
    0x08001548   0x08001548   0x00000044   Code   RO         3614    i.OLED_ShowNum      oled.o
    0x0800158c   0x0800158c   0x00000020   Code   RO         3617    i.OLED_WriteCommand  oled.o
    0x080015ac   0x080015ac   0x00000020   Code   RO         3618    i.OLED_WriteData    oled.o
    0x080015cc   0x080015cc   0x000000e8   Code   RO         3221    i.PID_Calculate     control.o
    0x080016b4   0x080016b4   0x000000b0   Code   RO         3222    i.PID_Calculate_Speed  control.o
    0x08001764   0x08001764   0x00000020   Code   RO         3223    i.PID_Init          control.o
    0x08001784   0x08001784   0x00000002   Code   RO         3939    i.PendSV_Handler    stm32f10x_it.o
    0x08001786   0x08001786   0x00000002   PAD
    0x08001788   0x08001788   0x00000020   Code   RO         1775    i.RCC_APB1PeriphClockCmd  stm32f10x_rcc.o
    0x080017a8   0x080017a8   0x00000020   Code   RO         1776    i.RCC_APB1PeriphResetCmd  stm32f10x_rcc.o
    0x080017c8   0x080017c8   0x00000020   Code   RO         1777    i.RCC_APB2PeriphClockCmd  stm32f10x_rcc.o
    0x080017e8   0x080017e8   0x00000020   Code   RO         1778    i.RCC_APB2PeriphResetCmd  stm32f10x_rcc.o
    0x08001808   0x08001808   0x000000d4   Code   RO         1785    i.RCC_GetClocksFreq  stm32f10x_rcc.o
    0x080018dc   0x080018dc   0x00000010   Code   RO         3479    i.Read_Front_Left_Encoder  encoder.o
    0x080018ec   0x080018ec   0x00000010   Code   RO         3480    i.Read_Front_Right_Encoder  encoder.o
    0x080018fc   0x080018fc   0x0000000e   Code   RO         3481    i.Read_Rear_Left_Encoder  encoder.o
    0x0800190a   0x0800190a   0x00000002   PAD
    0x0800190c   0x0800190c   0x00000010   Code   RO         3482    i.Read_Rear_Right_Encoder  encoder.o
    0x0800191c   0x0800191c   0x00000002   Code   RO         3940    i.SVC_Handler       stm32f10x_it.o
    0x0800191e   0x0800191e   0x00000002   PAD
    0x08001920   0x08001920   0x0000002c   Code   RO         3848    i.Sensor_Init       sensor.o
    0x0800194c   0x0800194c   0x00000010   Code   RO         3849    i.Sensor_Left_Get   sensor.o
    0x0800195c   0x0800195c   0x00000010   Code   RO         3850    i.Sensor_Middle_Get  sensor.o
    0x0800196c   0x0800196c   0x00000010   Code   RO         3851    i.Sensor_Right_Get  sensor.o
    0x0800197c   0x0800197c   0x000000b4   Code   RO         3711    i.Serial_Init       serial.o
    0x08001a30   0x08001a30   0x00000008   Code   RO           17    i.SetSysClock       system_stm32f10x.o
    0x08001a38   0x08001a38   0x000000e0   Code   RO           18    i.SetSysClockTo72   system_stm32f10x.o
    0x08001b18   0x08001b18   0x00000002   Code   RO         3941    i.SysTick_Handler   stm32f10x_it.o
    0x08001b1a   0x08001b1a   0x00000002   PAD
    0x08001b1c   0x08001b1c   0x00000060   Code   RO           20    i.SystemInit        system_stm32f10x.o
    0x08001b7c   0x08001b7c   0x00000080   Code   RO         2405    i.TI1_Config        stm32f10x_tim.o
    0x08001bfc   0x08001bfc   0x00000098   Code   RO         2406    i.TI2_Config        stm32f10x_tim.o
    0x08001c94   0x08001c94   0x00000090   Code   RO         2407    i.TI3_Config        stm32f10x_tim.o
    0x08001d24   0x08001d24   0x00000098   Code   RO         2408    i.TI4_Config        stm32f10x_tim.o
    0x08001dbc   0x08001dbc   0x00000018   Code   RO         2409    i.TIM_ARRPreloadConfig  stm32f10x_tim.o
    0x08001dd4   0x08001dd4   0x00000018   Code   RO         2421    i.TIM_Cmd           stm32f10x_tim.o
    0x08001dec   0x08001dec   0x00000042   Code   RO         2430    i.TIM_EncoderInterfaceConfig  stm32f10x_tim.o
    0x08001e2e   0x08001e2e   0x00000006   Code   RO         2440    i.TIM_GetCounter    stm32f10x_tim.o
    0x08001e34   0x08001e34   0x000000ac   Code   RO         2444    i.TIM_ICInit        stm32f10x_tim.o
    0x08001ee0   0x08001ee0   0x00000012   Code   RO         2445    i.TIM_ICStructInit  stm32f10x_tim.o
    0x08001ef2   0x08001ef2   0x00000002   PAD
    0x08001ef4   0x08001ef4   0x00000098   Code   RO         2450    i.TIM_OC1Init       stm32f10x_tim.o
    0x08001f8c   0x08001f8c   0x00000012   Code   RO         2453    i.TIM_OC1PreloadConfig  stm32f10x_tim.o
    0x08001f9e   0x08001f9e   0x00000002   PAD
    0x08001fa0   0x08001fa0   0x000000a4   Code   RO         2455    i.TIM_OC2Init       stm32f10x_tim.o
    0x08002044   0x08002044   0x0000001a   Code   RO         2458    i.TIM_OC2PreloadConfig  stm32f10x_tim.o
    0x0800205e   0x0800205e   0x00000002   PAD
    0x08002060   0x08002060   0x000000a0   Code   RO         2460    i.TIM_OC3Init       stm32f10x_tim.o
    0x08002100   0x08002100   0x00000012   Code   RO         2463    i.TIM_OC3PreloadConfig  stm32f10x_tim.o
    0x08002112   0x08002112   0x00000002   PAD
    0x08002114   0x08002114   0x0000007c   Code   RO         2465    i.TIM_OC4Init       stm32f10x_tim.o
    0x08002190   0x08002190   0x0000001a   Code   RO         2467    i.TIM_OC4PreloadConfig  stm32f10x_tim.o
    0x080021aa   0x080021aa   0x00000004   Code   RO         2482    i.TIM_SetCompare1   stm32f10x_tim.o
    0x080021ae   0x080021ae   0x00000004   Code   RO         2483    i.TIM_SetCompare2   stm32f10x_tim.o
    0x080021b2   0x080021b2   0x00000004   Code   RO         2484    i.TIM_SetCompare3   stm32f10x_tim.o
    0x080021b6   0x080021b6   0x00000006   Code   RO         2485    i.TIM_SetCompare4   stm32f10x_tim.o
    0x080021bc   0x080021bc   0x00000004   Code   RO         2486    i.TIM_SetCounter    stm32f10x_tim.o
    0x080021c0   0x080021c0   0x00000012   Code   RO         2487    i.TIM_SetIC1Prescaler  stm32f10x_tim.o
    0x080021d2   0x080021d2   0x0000001a   Code   RO         2488    i.TIM_SetIC2Prescaler  stm32f10x_tim.o
    0x080021ec   0x080021ec   0x00000012   Code   RO         2489    i.TIM_SetIC3Prescaler  stm32f10x_tim.o
    0x080021fe   0x080021fe   0x0000001a   Code   RO         2490    i.TIM_SetIC4Prescaler  stm32f10x_tim.o
    0x08002218   0x08002218   0x000000a4   Code   RO         2492    i.TIM_TimeBaseInit  stm32f10x_tim.o
    0x080022bc   0x080022bc   0x00000012   Code   RO         2493    i.TIM_TimeBaseStructInit  stm32f10x_tim.o
    0x080022ce   0x080022ce   0x00000002   PAD
    0x080022d0   0x080022d0   0x000000b0   Code   RO         3789    i.UART4_IRQHandler  gy25.o
    0x08002380   0x08002380   0x00000070   Code   RO         3718    i.USART2_IRQHandler  serial.o
    0x080023f0   0x080023f0   0x0000001e   Code   RO         2957    i.USART_ClearITPendingBit  stm32f10x_usart.o
    0x0800240e   0x0800240e   0x00000018   Code   RO         2960    i.USART_Cmd         stm32f10x_usart.o
    0x08002426   0x08002426   0x00000002   PAD
    0x08002428   0x08002428   0x0000009c   Code   RO         2962    i.USART_DeInit      stm32f10x_usart.o
    0x080024c4   0x080024c4   0x00000054   Code   RO         2964    i.USART_GetITStatus  stm32f10x_usart.o
    0x08002518   0x08002518   0x0000004a   Code   RO         2966    i.USART_ITConfig    stm32f10x_usart.o
    0x08002562   0x08002562   0x00000002   PAD
    0x08002564   0x08002564   0x000000d8   Code   RO         2967    i.USART_Init        stm32f10x_usart.o
    0x0800263c   0x0800263c   0x0000000a   Code   RO         2974    i.USART_ReceiveData  stm32f10x_usart.o
    0x08002646   0x08002646   0x00000008   Code   RO         2977    i.USART_SendData    stm32f10x_usart.o
    0x0800264e   0x0800264e   0x00000004   Code   RO         3942    i.UsageFault_Handler  stm32f10x_it.o
    0x08002652   0x08002652   0x00000012   Code   RO         3225    i.calculate_wheel_speed  control.o
    0x08002664   0x08002664   0x00000028   Code   RO         4031    i.fmaxf             m_ws.l(fmaxf.o)
    0x0800268c   0x0800268c   0x00000028   Code   RO         4033    i.fminf             m_ws.l(fminf.o)
    0x080026b4   0x080026b4   0x00000046   Code   RO         3882    i.main              main.o
    0x080026fa   0x080026fa   0x00000002   PAD
    0x080026fc   0x080026fc   0x00000070   Code   RO         3883    i.step12            main.o
    0x0800276c   0x0800276c   0x00000050   Code   RO         3884    i.step3             main.o
    0x080027bc   0x080027bc   0x000000c4   Code   RO         4005    x$fpl$fadd          fz_ws.l(faddsub_clz.o)
    0x08002880   0x08002880   0x0000008e   Code   RO         4127    x$fpl$fcmp4         fz_ws.l(fcmp4.o)
    0x0800290e   0x0800290e   0x00000018   Code   RO         4131    x$fpl$fcmpinf       fz_ws.l(fcmpi.o)
    0x08002926   0x08002926   0x00000002   PAD
    0x08002928   0x08002928   0x00000184   Code   RO         4012    x$fpl$fdiv          fz_ws.l(fdiv.o)
    0x08002aac   0x08002aac   0x00000036   Code   RO         4015    x$fpl$ffix          fz_ws.l(ffix.o)
    0x08002ae2   0x08002ae2   0x00000002   PAD
    0x08002ae4   0x08002ae4   0x00000030   Code   RO         4020    x$fpl$fflt          fz_ws.l(fflt_clz.o)
    0x08002b14   0x08002b14   0x00000068   Code   RO         4025    x$fpl$fleqf         fz_ws.l(fleqf.o)
    0x08002b7c   0x08002b7c   0x00000102   Code   RO         4027    x$fpl$fmul          fz_ws.l(fmul.o)
    0x08002c7e   0x08002c7e   0x0000008c   Code   RO         4133    x$fpl$fnaninf       fz_ws.l(fnaninf.o)
    0x08002d0a   0x08002d0a   0x0000000a   Code   RO         4135    x$fpl$fretinf       fz_ws.l(fretinf.o)
    0x08002d14   0x08002d14   0x00000062   Code   RO         4029    x$fpl$frleqf        fz_ws.l(frleqf.o)
    0x08002d76   0x08002d76   0x00000002   PAD
    0x08002d78   0x08002d78   0x000000ea   Code   RO         4007    x$fpl$fsub          fz_ws.l(faddsub_clz.o)
    0x08002e62   0x08002e62   0x00000000   Code   RO         4145    x$fpl$usenofp       fz_ws.l(usenofp.o)
    0x08002e62   0x08002e62   0x000005f0   Data   RO         3619    .constdata          oled.o
    0x08003452   0x08003452   0x00000002   PAD
    0x08003454   0x08003454   0x00000020   Data   RO         4362    Region$$Table       anon$$obj.o


    Execution Region RW_IRAM1 (Exec base: 0x20000000, Load base: 0x08003474, Size: 0x000007e8, Max: 0x00010000, ABSOLUTE)

    Exec Addr    Load Addr    Size         Type   Attr      Idx    E Section Name        Object

    0x20000000   0x08003474   0x00000014   Data   RW         1805    .data               stm32f10x_rcc.o
    0x20000014   0x08003488   0x00000010   Data   RW         3227    .data               control.o
    0x20000024   0x08003498   0x00000002   Data   RW         3721    .data               serial.o
    0x20000026   0x0800349a   0x00000002   PAD
    0x20000028   0x0800349c   0x00000019   Data   RW         3790    .data               gy25.o
    0x20000041   0x080034b5   0x00000003   PAD
    0x20000044        -       0x000000dc   Zero   RW         3226    .bss                control.o
    0x20000120        -       0x00000064   Zero   RW         3720    .bss                serial.o
    0x20000184        -       0x00000060   Zero   RW         4231    .bss                c_w.l(libspace.o)
    0x200001e4   0x080034b5   0x00000004   PAD
    0x200001e8        -       0x00000200   Zero   RW          131    HEAP                startup_stm32f10x_hd.o
    0x200003e8        -       0x00000400   Zero   RW          130    STACK               startup_stm32f10x_hd.o


==============================================================================

Image component sizes


      Code (inc. data)   RO Data    RW Data    ZI Data      Debug   Object Name

        52          4          0          0          0        454   buzzer.o
      1818         98          0         16        220     246038   control.o
         0          0          0          0          0       4524   core_cm3.o
        70          0          0          0          0        874   delay.o
       502         60          0          0          0       2981   encoder.o
       752         48          0         25          0       3979   gy25.o
        72         10          0          0          0        443   key.o
        56          6          0          0          0        435   led.o
       378         52          0          0          0       2015   main.o
       132         22          0          0          0     206003   misc.o
       808         58          0          0          0       3891   motor.o
       770         26       1520          0          0       6547   oled.o
        92         18          0          0          0       1767   sensor.o
       292         28          0          2        100       1746   serial.o
        64         26        304          0       1536        764   startup_stm32f10x_hd.o
       458          6          0          0          0      12918   stm32f10x_gpio.o
        26          0          0          0          0       3494   stm32f10x_it.o
       340         44          0         20          0      13824   stm32f10x_rcc.o
      1866        200          0          0          0      36976   stm32f10x_tim.o
       602         28          0          0          0      12192   stm32f10x_usart.o
       328         28          0          0          0      18717   system_stm32f10x.o

    ----------------------------------------------------------------------
      9510        762       1858         68       1856     580582   Object Totals
         0          0         32          0          0          0   (incl. Generated)
        32          0          2          5          0          0   (incl. Padding)

    ----------------------------------------------------------------------

      Code (inc. data)   RO Data    RW Data    ZI Data      Debug   Library Member Name

         8          0          0          0          0         68   __main.o
         0          0          0          0          0          0   __rtentry.o
        12          0          0          0          0          0   __rtentry2.o
         6          0          0          0          0          0   __rtentry4.o
        52          8          0          0          0          0   __scatter.o
        26          0          0          0          0          0   __scatter_copy.o
        28          0          0          0          0          0   __scatter_zi.o
        18          0          0          0          0         80   exit.o
         6          0          0          0          0        152   heapauxi.o
         0          0          0          0          0          0   indicate_semi.o
         2          0          0          0          0          0   libinit.o
         2          0          0          0          0          0   libinit2.o
         2          0          0          0          0          0   libshutdown.o
         2          0          0          0          0          0   libshutdown2.o
         8          4          0          0         96         68   libspace.o
         2          0          0          0          0          0   rtexit.o
        10          0          0          0          0          0   rtexit2.o
        12          4          0          0          0         68   sys_exit.o
        74          0          0          0          0         80   sys_stackheap_outer.o
         2          0          0          0          0         68   use_no_semi.o
       430          8          0          0          0        168   faddsub_clz.o
       142          4          0          0          0        112   fcmp4.o
        24          0          0          0          0         68   fcmpi.o
       388         76          0          0          0         96   fdiv.o
        54          4          0          0          0         84   ffix.o
        48          0          0          0          0         68   fflt_clz.o
       104          4          0          0          0         84   fleqf.o
       258          4          0          0          0         84   fmul.o
       140          4          0          0          0         84   fnaninf.o
        10          0          0          0          0         68   fretinf.o
        98          0          0          0          0         68   frleqf.o
         0          0          0          0          0          0   usenofp.o
        40          0          0          0          0         80   fmaxf.o
        40          0          0          0          0         80   fminf.o

    ----------------------------------------------------------------------
      2060        120          0          0        100       1728   Library Totals
        12          0          0          0          4          0   (incl. Padding)

    ----------------------------------------------------------------------

      Code (inc. data)   RO Data    RW Data    ZI Data      Debug   Library Name

       272         16          0          0         96        584   c_w.l
      1696        104          0          0          0        984   fz_ws.l
        80          0          0          0          0        160   m_ws.l

    ----------------------------------------------------------------------
      2060        120          0          0        100       1728   Library Totals

    ----------------------------------------------------------------------

==============================================================================


      Code (inc. data)   RO Data    RW Data    ZI Data      Debug   

     11570        882       1858         68       1956     575806   Grand Totals
     11570        882       1858         68       1956     575806   ELF Image Totals
     11570        882       1858         68          0          0   ROM Totals

==============================================================================

    Total RO  Size (Code + RO Data)                13428 (  13.11kB)
    Total RW  Size (RW Data + ZI Data)              2024 (   1.98kB)
    Total ROM Size (Code + RO Data + RW Data)      13496 (  13.18kB)

==============================================================================

